#
# There is insufficient memory for the Java Runtime Environment to continue.
# Native memory allocation (malloc) failed to allocate 507376 bytes for Chunk::new
# Possible reasons:
#   The system is out of physical RAM or swap space
#   The process is running with CompressedOops enabled, and the Java Heap may be blocking the growth of the native heap
# Possible solutions:
#   Reduce memory load on the system
#   Increase physical memory or swap space
#   Check if swap backing store is full
#   Decrease Java heap size (-Xmx/-Xms)
#   Decrease number of Java threads
#   Decrease Java thread stack sizes (-Xss)
#   Set larger code cache with -XX:ReservedCodeCacheSize=
#   JVM is running with Unscaled Compressed Oops mode in which the Java heap is
#     placed in the first 4GB address space. The Java Heap base address is the
#     maximum limit for the native heap growth. Please use -XX:HeapBaseMinAddress
#     to set the Java Heap base and to place the Java Heap above 4GB virtual address.
# This output file may be truncated or incomplete.
#
#  Out of Memory Error (arena.cpp:168), pid=26320, tid=8148
#
# JRE version: Java(TM) SE Runtime Environment (21.0.2+13) (build 21.0.2+13-LTS-58)
# Java VM: Java HotSpot(TM) 64-Bit Server VM (21.0.2+13-LTS-58, mixed mode, sharing, tiered, compressed oops, compressed class ptrs, g1 gc, windows-amd64)
# No core dump will be written. Minidumps are not enabled by default on client versions of Windows
#

---------------  S U M M A R Y ------------

Command Line: -Dfile.encoding=UTF-8 -Dstdout.encoding=UTF-8 -Dstderr.encoding=UTF-8 -XX:+ShowCodeDetailsInExceptionMessages bank_management.signupthree

Host: Intel(R) Core(TM) i5-8250U CPU @ 1.60GHz, 8 cores, 7G,  Windows 11 , 64 bit Build 26100 (10.0.26100.8328)
Time: Tue Jun  9 15:17:37 2026 India Standard Time elapsed time: 178398.626176 seconds (2d 1h 33m 18s)

---------------  T H R E A D  ---------------

Current thread (0x0000013b9f67fd10):  JavaThread "C2 CompilerThread0" daemon [_thread_in_native, id=8148, stack(0x000000227ce00000,0x000000227cf00000) (1024K)]


Current CompileTask:
C2:178398626 2217   !   4       java.lang.ref.ReferenceQueue::remove (61 bytes)

Stack: [0x000000227ce00000,0x000000227cf00000]
Native frames: (J=compiled Java code, j=interpreted, Vv=VM code, C=native code)
V  [jvm.dll+0x6cade9]
V  [jvm.dll+0x8569c1]
V  [jvm.dll+0x858d2e]
V  [jvm.dll+0x859413]
V  [jvm.dll+0x280e56]
V  [jvm.dll+0xc3f3d]
V  [jvm.dll+0xc4473]
V  [jvm.dll+0x3b5bf2]
V  [jvm.dll+0x382855]
V  [jvm.dll+0x381cca]
V  [jvm.dll+0x249bd0]
V  [jvm.dll+0x2491b1]
V  [jvm.dll+0x1c9634]
V  [jvm.dll+0x258859]
V  [jvm.dll+0x256e3a]
V  [jvm.dll+0x3ef6c6]
V  [jvm.dll+0x7ff568]
V  [jvm.dll+0x6c953d]
C  [ucrtbase.dll+0x37b0]
C  [KERNEL32.DLL+0x2e957]
C  [ntdll.dll+0x427c]


---------------  P R O C E S S  ---------------

Threads class SMR info:
_java_thread_list=0x0000013be5ad2450, length=16, elements={
0x0000013b9f65b730, 0x0000013b9f65c910, 0x0000013b9f660260, 0x0000013b9f65e0c0,
0x0000013b9f66f7d0, 0x0000013b9f679e60, 0x0000013b9f67fd10, 0x0000013b9f6803c0,
0x0000013b9f92c8a0, 0x0000013b9f930340, 0x0000013b9fae88e0, 0x0000013b9faefa20,
0x0000013b9faf6d40, 0x0000013b9fb4dc10, 0x0000013b82ccf010, 0x0000013be5a3e390
}

Java Threads: ( => current thread )
  0x0000013b9f65b730 JavaThread "Reference Handler"          daemon [_thread_blocked, id=23892, stack(0x000000227c800000,0x000000227c900000) (1024K)]
  0x0000013b9f65c910 JavaThread "Finalizer"                  daemon [_thread_blocked, id=21756, stack(0x000000227c900000,0x000000227ca00000) (1024K)]
  0x0000013b9f660260 JavaThread "Signal Dispatcher"          daemon [_thread_blocked, id=15252, stack(0x000000227ca00000,0x000000227cb00000) (1024K)]
  0x0000013b9f65e0c0 JavaThread "Attach Listener"            daemon [_thread_blocked, id=26080, stack(0x000000227cb00000,0x000000227cc00000) (1024K)]
  0x0000013b9f66f7d0 JavaThread "Service Thread"             daemon [_thread_blocked, id=22336, stack(0x000000227cc00000,0x000000227cd00000) (1024K)]
  0x0000013b9f679e60 JavaThread "Monitor Deflation Thread"   daemon [_thread_blocked, id=25448, stack(0x000000227cd00000,0x000000227ce00000) (1024K)]
=>0x0000013b9f67fd10 JavaThread "C2 CompilerThread0"         daemon [_thread_in_native, id=8148, stack(0x000000227ce00000,0x000000227cf00000) (1024K)]
  0x0000013b9f6803c0 JavaThread "C1 CompilerThread0"         daemon [_thread_blocked, id=24352, stack(0x000000227cf00000,0x000000227d000000) (1024K)]
  0x0000013b9f92c8a0 JavaThread "Notification Thread"        daemon [_thread_blocked, id=21496, stack(0x000000227d000000,0x000000227d100000) (1024K)]
  0x0000013b9f930340 JavaThread "Common-Cleaner"             daemon [_thread_blocked, id=26216, stack(0x000000227d100000,0x000000227d200000) (1024K)]
  0x0000013b9fae88e0 JavaThread "Java2D Disposer"            daemon [_thread_blocked, id=25072, stack(0x000000227d200000,0x000000227d300000) (1024K)]
  0x0000013b9faefa20 JavaThread "AWT-Shutdown"                      [_thread_blocked, id=25660, stack(0x000000227d300000,0x000000227d400000) (1024K)]
  0x0000013b9faf6d40 JavaThread "AWT-Windows"                daemon [_thread_in_native, id=15388, stack(0x000000227d400000,0x000000227d500000) (1024K)]
  0x0000013b9fb4dc10 JavaThread "AWT-EventQueue-0"                  [_thread_blocked, id=17376, stack(0x000000227d500000,0x000000227d600000) (1024K)]
  0x0000013b82ccf010 JavaThread "DestroyJavaVM"                     [_thread_blocked, id=9328, stack(0x000000227c000000,0x000000227c100000) (1024K)]
  0x0000013be5a3e390 JavaThread "mysql-cj-abandoned-connection-cleanup" daemon [_thread_blocked, id=18096, stack(0x000000227d600000,0x000000227d700000) (1024K)]
Total: 16

Other Threads:
  0x0000013b9f635bc0 VMThread "VM Thread"                           [id=20332, stack(0x000000227c700000,0x000000227c800000) (1024K)]
  0x0000013b9f61d9c0 WatcherThread "VM Periodic Task Thread"        [id=23232, stack(0x000000227c600000,0x000000227c700000) (1024K)]
  0x0000013b82d21b90 WorkerThread "GC Thread#0"                     [id=14616, stack(0x000000227c100000,0x000000227c200000) (1024K)]
  0x0000013be5d4d0a0 WorkerThread "GC Thread#1"                     [id=21076, stack(0x000000227d800000,0x000000227d900000) (1024K)]
  0x0000013be5a74140 WorkerThread "GC Thread#2"                     [id=16556, stack(0x000000227d900000,0x000000227da00000) (1024K)]
  0x0000013be5a744e0 WorkerThread "GC Thread#3"                     [id=18596, stack(0x000000227da00000,0x000000227db00000) (1024K)]
  0x0000013be5a74c90 WorkerThread "GC Thread#4"                     [id=15092, stack(0x000000227db00000,0x000000227dc00000) (1024K)]
  0x0000013be5a75430 WorkerThread "GC Thread#5"                     [id=21672, stack(0x000000227dc00000,0x000000227dd00000) (1024K)]
  0x0000013be5d41390 WorkerThread "GC Thread#6"                     [id=10336, stack(0x000000227dd00000,0x000000227de00000) (1024K)]
  0x0000013be5d496e0 WorkerThread "GC Thread#7"                     [id=22236, stack(0x000000227de00000,0x000000227df00000) (1024K)]
  0x0000013b82d32960 ConcurrentGCThread "G1 Main Marker"            [id=20816, stack(0x000000227c200000,0x000000227c300000) (1024K)]
  0x0000013b82d357b0 WorkerThread "G1 Conc#0"                       [id=6648, stack(0x000000227c300000,0x000000227c400000) (1024K)]
  0x0000013b9f4e0150 ConcurrentGCThread "G1 Refine#0"               [id=25456, stack(0x000000227c400000,0x000000227c500000) (1024K)]
  0x0000013b9f4e0680 ConcurrentGCThread "G1 Service"                [id=23880, stack(0x000000227c500000,0x000000227c600000) (1024K)]
Total: 14

Threads with active compile tasks:
C2 CompilerThread0  178398704 2217   !   4       java.lang.ref.ReferenceQueue::remove (61 bytes)
Total: 1

VM state: not at safepoint (normal execution)

VM Mutex/Monitor currently owned by a thread: None

Heap address: 0x0000000081800000, size: 2024 MB, Compressed Oops mode: 32-bit

CDS archive(s) mapped at: [0x0000013ba0000000-0x0000013ba0c90000-0x0000013ba0c90000), size 13172736, SharedBaseAddress: 0x0000013ba0000000, ArchiveRelocationMode: 1.
Compressed class space mapped at: 0x0000013ba1000000-0x0000013be1000000, reserved size: 1073741824
Narrow klass base: 0x0000013ba0000000, Narrow klass shift: 0, Narrow klass range: 0x100000000

GC Precious Log:
 CardTable entry size: 512
 Card Set container configuration: InlinePtr #cards 5 size 8 Array Of Cards #cards 12 size 40 Howl #buckets 4 coarsen threshold 1843 Howl Bitmap #cards 512 size 80 coarsen threshold 460 Card regions per heap region 1 cards per card region 2048
 CPUs: 8 total, 8 available
 Memory: 8094M
 Large Page Support: Disabled
 NUMA Support: Disabled
 Compressed Oops: Enabled (32-bit)
 Heap Region Size: 1M
 Heap Min Capacity: 8M
 Heap Initial Capacity: 128M
 Heap Max Capacity: 2024M
 Pre-touch: Disabled
 Parallel Workers: 8
 Concurrent Workers: 2
 Concurrent Refinement Workers: 8
 Periodic GC: Disabled

Heap:
 garbage-first heap   total 131072K, used 17107K [0x0000000081800000, 0x0000000100000000)
  region size 1024K, 12 young (12288K), 3 survivors (3072K)
 Metaspace       used 17143K, committed 17408K, reserved 1114112K
  class space    used 1846K, committed 1984K, reserved 1048576K

Heap Regions: E=young(eden), S=young(survivor), O=old, HS=humongous(starts), HC=humongous(continues), CS=collection set, F=free, TAMS=top-at-mark-start, PB=parsable bottom
|   0|0x0000000081800000, 0x0000000081900000, 0x0000000081900000|100%|HS|  |TAMS 0x0000000081800000| PB 0x0000000081800000| Complete 
|   1|0x0000000081900000, 0x0000000081a00000, 0x0000000081a00000|100%|HC|  |TAMS 0x0000000081900000| PB 0x0000000081900000| Complete 
|   2|0x0000000081a00000, 0x0000000081b00000, 0x0000000081b00000|100%|HC|  |TAMS 0x0000000081a00000| PB 0x0000000081a00000| Complete 
|   3|0x0000000081b00000, 0x0000000081c00000, 0x0000000081c00000|100%|HC|  |TAMS 0x0000000081b00000| PB 0x0000000081b00000| Complete 
|   4|0x0000000081c00000, 0x0000000081d00000, 0x0000000081d00000|100%| O|  |TAMS 0x0000000081c00000| PB 0x0000000081c00000| Untracked 
|   5|0x0000000081d00000, 0x0000000081db4f90, 0x0000000081e00000| 70%| O|  |TAMS 0x0000000081d00000| PB 0x0000000081d00000| Untracked 
|   6|0x0000000081e00000, 0x0000000081e00000, 0x0000000081f00000|  0%| F|  |TAMS 0x0000000081e00000| PB 0x0000000081e00000| Untracked 
|   7|0x0000000081f00000, 0x0000000081f00000, 0x0000000082000000|  0%| F|  |TAMS 0x0000000081f00000| PB 0x0000000081f00000| Untracked 
|   8|0x0000000082000000, 0x0000000082000000, 0x0000000082100000|  0%| F|  |TAMS 0x0000000082000000| PB 0x0000000082000000| Untracked 
|   9|0x0000000082100000, 0x0000000082100000, 0x0000000082200000|  0%| F|  |TAMS 0x0000000082100000| PB 0x0000000082100000| Untracked 
|  10|0x0000000082200000, 0x0000000082200000, 0x0000000082300000|  0%| F|  |TAMS 0x0000000082200000| PB 0x0000000082200000| Untracked 
|  11|0x0000000082300000, 0x0000000082300000, 0x0000000082400000|  0%| F|  |TAMS 0x0000000082300000| PB 0x0000000082300000| Untracked 
|  12|0x0000000082400000, 0x0000000082400000, 0x0000000082500000|  0%| F|  |TAMS 0x0000000082400000| PB 0x0000000082400000| Untracked 
|  13|0x0000000082500000, 0x0000000082500000, 0x0000000082600000|  0%| F|  |TAMS 0x0000000082500000| PB 0x0000000082500000| Untracked 
|  14|0x0000000082600000, 0x0000000082600000, 0x0000000082700000|  0%| F|  |TAMS 0x0000000082600000| PB 0x0000000082600000| Untracked 
|  15|0x0000000082700000, 0x0000000082700000, 0x0000000082800000|  0%| F|  |TAMS 0x0000000082700000| PB 0x0000000082700000| Untracked 
|  16|0x0000000082800000, 0x0000000082800000, 0x0000000082900000|  0%| F|  |TAMS 0x0000000082800000| PB 0x0000000082800000| Untracked 
|  17|0x0000000082900000, 0x0000000082900000, 0x0000000082a00000|  0%| F|  |TAMS 0x0000000082900000| PB 0x0000000082900000| Untracked 
|  18|0x0000000082a00000, 0x0000000082a00000, 0x0000000082b00000|  0%| F|  |TAMS 0x0000000082a00000| PB 0x0000000082a00000| Untracked 
|  19|0x0000000082b00000, 0x0000000082b00000, 0x0000000082c00000|  0%| F|  |TAMS 0x0000000082b00000| PB 0x0000000082b00000| Untracked 
|  20|0x0000000082c00000, 0x0000000082c00000, 0x0000000082d00000|  0%| F|  |TAMS 0x0000000082c00000| PB 0x0000000082c00000| Untracked 
|  21|0x0000000082d00000, 0x0000000082d00000, 0x0000000082e00000|  0%| F|  |TAMS 0x0000000082d00000| PB 0x0000000082d00000| Untracked 
|  22|0x0000000082e00000, 0x0000000082e00000, 0x0000000082f00000|  0%| F|  |TAMS 0x0000000082e00000| PB 0x0000000082e00000| Untracked 
|  23|0x0000000082f00000, 0x0000000082f00000, 0x0000000083000000|  0%| F|  |TAMS 0x0000000082f00000| PB 0x0000000082f00000| Untracked 
|  24|0x0000000083000000, 0x0000000083000000, 0x0000000083100000|  0%| F|  |TAMS 0x0000000083000000| PB 0x0000000083000000| Untracked 
|  25|0x0000000083100000, 0x0000000083100000, 0x0000000083200000|  0%| F|  |TAMS 0x0000000083100000| PB 0x0000000083100000| Untracked 
|  26|0x0000000083200000, 0x0000000083200000, 0x0000000083300000|  0%| F|  |TAMS 0x0000000083200000| PB 0x0000000083200000| Untracked 
|  27|0x0000000083300000, 0x0000000083300000, 0x0000000083400000|  0%| F|  |TAMS 0x0000000083300000| PB 0x0000000083300000| Untracked 
|  28|0x0000000083400000, 0x0000000083400000, 0x0000000083500000|  0%| F|  |TAMS 0x0000000083400000| PB 0x0000000083400000| Untracked 
|  29|0x0000000083500000, 0x0000000083500000, 0x0000000083600000|  0%| F|  |TAMS 0x0000000083500000| PB 0x0000000083500000| Untracked 
|  30|0x0000000083600000, 0x0000000083600000, 0x0000000083700000|  0%| F|  |TAMS 0x0000000083600000| PB 0x0000000083600000| Untracked 
|  31|0x0000000083700000, 0x0000000083700000, 0x0000000083800000|  0%| F|  |TAMS 0x0000000083700000| PB 0x0000000083700000| Untracked 
|  32|0x0000000083800000, 0x0000000083800000, 0x0000000083900000|  0%| F|  |TAMS 0x0000000083800000| PB 0x0000000083800000| Untracked 
|  33|0x0000000083900000, 0x0000000083900000, 0x0000000083a00000|  0%| F|  |TAMS 0x0000000083900000| PB 0x0000000083900000| Untracked 
|  34|0x0000000083a00000, 0x0000000083a00000, 0x0000000083b00000|  0%| F|  |TAMS 0x0000000083a00000| PB 0x0000000083a00000| Untracked 
|  35|0x0000000083b00000, 0x0000000083b00000, 0x0000000083c00000|  0%| F|  |TAMS 0x0000000083b00000| PB 0x0000000083b00000| Untracked 
|  36|0x0000000083c00000, 0x0000000083c00000, 0x0000000083d00000|  0%| F|  |TAMS 0x0000000083c00000| PB 0x0000000083c00000| Untracked 
|  37|0x0000000083d00000, 0x0000000083d00000, 0x0000000083e00000|  0%| F|  |TAMS 0x0000000083d00000| PB 0x0000000083d00000| Untracked 
|  38|0x0000000083e00000, 0x0000000083e00000, 0x0000000083f00000|  0%| F|  |TAMS 0x0000000083e00000| PB 0x0000000083e00000| Untracked 
|  39|0x0000000083f00000, 0x0000000083f00000, 0x0000000084000000|  0%| F|  |TAMS 0x0000000083f00000| PB 0x0000000083f00000| Untracked 
|  40|0x0000000084000000, 0x0000000084000000, 0x0000000084100000|  0%| F|  |TAMS 0x0000000084000000| PB 0x0000000084000000| Untracked 
|  41|0x0000000084100000, 0x0000000084100000, 0x0000000084200000|  0%| F|  |TAMS 0x0000000084100000| PB 0x0000000084100000| Untracked 
|  42|0x0000000084200000, 0x0000000084200000, 0x0000000084300000|  0%| F|  |TAMS 0x0000000084200000| PB 0x0000000084200000| Untracked 
|  43|0x0000000084300000, 0x0000000084300000, 0x0000000084400000|  0%| F|  |TAMS 0x0000000084300000| PB 0x0000000084300000| Untracked 
|  44|0x0000000084400000, 0x0000000084400000, 0x0000000084500000|  0%| F|  |TAMS 0x0000000084400000| PB 0x0000000084400000| Untracked 
|  45|0x0000000084500000, 0x0000000084500000, 0x0000000084600000|  0%| F|  |TAMS 0x0000000084500000| PB 0x0000000084500000| Untracked 
|  46|0x0000000084600000, 0x0000000084600000, 0x0000000084700000|  0%| F|  |TAMS 0x0000000084600000| PB 0x0000000084600000| Untracked 
|  47|0x0000000084700000, 0x0000000084700000, 0x0000000084800000|  0%| F|  |TAMS 0x0000000084700000| PB 0x0000000084700000| Untracked 
|  48|0x0000000084800000, 0x0000000084800000, 0x0000000084900000|  0%| F|  |TAMS 0x0000000084800000| PB 0x0000000084800000| Untracked 
|  49|0x0000000084900000, 0x0000000084900000, 0x0000000084a00000|  0%| F|  |TAMS 0x0000000084900000| PB 0x0000000084900000| Untracked 
|  50|0x0000000084a00000, 0x0000000084a00000, 0x0000000084b00000|  0%| F|  |TAMS 0x0000000084a00000| PB 0x0000000084a00000| Untracked 
|  51|0x0000000084b00000, 0x0000000084b00000, 0x0000000084c00000|  0%| F|  |TAMS 0x0000000084b00000| PB 0x0000000084b00000| Untracked 
|  52|0x0000000084c00000, 0x0000000084c00000, 0x0000000084d00000|  0%| F|  |TAMS 0x0000000084c00000| PB 0x0000000084c00000| Untracked 
|  53|0x0000000084d00000, 0x0000000084d00000, 0x0000000084e00000|  0%| F|  |TAMS 0x0000000084d00000| PB 0x0000000084d00000| Untracked 
|  54|0x0000000084e00000, 0x0000000084e00000, 0x0000000084f00000|  0%| F|  |TAMS 0x0000000084e00000| PB 0x0000000084e00000| Untracked 
|  55|0x0000000084f00000, 0x0000000084f00000, 0x0000000085000000|  0%| F|  |TAMS 0x0000000084f00000| PB 0x0000000084f00000| Untracked 
|  56|0x0000000085000000, 0x0000000085000000, 0x0000000085100000|  0%| F|  |TAMS 0x0000000085000000| PB 0x0000000085000000| Untracked 
|  57|0x0000000085100000, 0x0000000085100000, 0x0000000085200000|  0%| F|  |TAMS 0x0000000085100000| PB 0x0000000085100000| Untracked 
|  58|0x0000000085200000, 0x0000000085200000, 0x0000000085300000|  0%| F|  |TAMS 0x0000000085200000| PB 0x0000000085200000| Untracked 
|  59|0x0000000085300000, 0x0000000085300000, 0x0000000085400000|  0%| F|  |TAMS 0x0000000085300000| PB 0x0000000085300000| Untracked 
|  60|0x0000000085400000, 0x0000000085400000, 0x0000000085500000|  0%| F|  |TAMS 0x0000000085400000| PB 0x0000000085400000| Untracked 
|  61|0x0000000085500000, 0x0000000085500000, 0x0000000085600000|  0%| F|  |TAMS 0x0000000085500000| PB 0x0000000085500000| Untracked 
|  62|0x0000000085600000, 0x0000000085600000, 0x0000000085700000|  0%| F|  |TAMS 0x0000000085600000| PB 0x0000000085600000| Untracked 
|  63|0x0000000085700000, 0x0000000085700000, 0x0000000085800000|  0%| F|  |TAMS 0x0000000085700000| PB 0x0000000085700000| Untracked 
|  64|0x0000000085800000, 0x0000000085800000, 0x0000000085900000|  0%| F|  |TAMS 0x0000000085800000| PB 0x0000000085800000| Untracked 
|  65|0x0000000085900000, 0x0000000085900000, 0x0000000085a00000|  0%| F|  |TAMS 0x0000000085900000| PB 0x0000000085900000| Untracked 
|  66|0x0000000085a00000, 0x0000000085a00000, 0x0000000085b00000|  0%| F|  |TAMS 0x0000000085a00000| PB 0x0000000085a00000| Untracked 
|  67|0x0000000085b00000, 0x0000000085b00000, 0x0000000085c00000|  0%| F|  |TAMS 0x0000000085b00000| PB 0x0000000085b00000| Untracked 
|  68|0x0000000085c00000, 0x0000000085c00000, 0x0000000085d00000|  0%| F|  |TAMS 0x0000000085c00000| PB 0x0000000085c00000| Untracked 
|  69|0x0000000085d00000, 0x0000000085d00000, 0x0000000085e00000|  0%| F|  |TAMS 0x0000000085d00000| PB 0x0000000085d00000| Untracked 
|  70|0x0000000085e00000, 0x0000000085e00000, 0x0000000085f00000|  0%| F|  |TAMS 0x0000000085e00000| PB 0x0000000085e00000| Untracked 
|  71|0x0000000085f00000, 0x0000000085f00000, 0x0000000086000000|  0%| F|  |TAMS 0x0000000085f00000| PB 0x0000000085f00000| Untracked 
|  72|0x0000000086000000, 0x0000000086000000, 0x0000000086100000|  0%| F|  |TAMS 0x0000000086000000| PB 0x0000000086000000| Untracked 
|  73|0x0000000086100000, 0x0000000086100000, 0x0000000086200000|  0%| F|  |TAMS 0x0000000086100000| PB 0x0000000086100000| Untracked 
|  74|0x0000000086200000, 0x0000000086200000, 0x0000000086300000|  0%| F|  |TAMS 0x0000000086200000| PB 0x0000000086200000| Untracked 
|  75|0x0000000086300000, 0x0000000086300000, 0x0000000086400000|  0%| F|  |TAMS 0x0000000086300000| PB 0x0000000086300000| Untracked 
|  76|0x0000000086400000, 0x0000000086400000, 0x0000000086500000|  0%| F|  |TAMS 0x0000000086400000| PB 0x0000000086400000| Untracked 
|  77|0x0000000086500000, 0x0000000086500000, 0x0000000086600000|  0%| F|  |TAMS 0x0000000086500000| PB 0x0000000086500000| Untracked 
|  78|0x0000000086600000, 0x0000000086600000, 0x0000000086700000|  0%| F|  |TAMS 0x0000000086600000| PB 0x0000000086600000| Untracked 
|  79|0x0000000086700000, 0x0000000086700000, 0x0000000086800000|  0%| F|  |TAMS 0x0000000086700000| PB 0x0000000086700000| Untracked 
|  80|0x0000000086800000, 0x0000000086800000, 0x0000000086900000|  0%| F|  |TAMS 0x0000000086800000| PB 0x0000000086800000| Untracked 
|  81|0x0000000086900000, 0x0000000086900000, 0x0000000086a00000|  0%| F|  |TAMS 0x0000000086900000| PB 0x0000000086900000| Untracked 
|  82|0x0000000086a00000, 0x0000000086a00000, 0x0000000086b00000|  0%| F|  |TAMS 0x0000000086a00000| PB 0x0000000086a00000| Untracked 
|  83|0x0000000086b00000, 0x0000000086b00000, 0x0000000086c00000|  0%| F|  |TAMS 0x0000000086b00000| PB 0x0000000086b00000| Untracked 
|  84|0x0000000086c00000, 0x0000000086c00000, 0x0000000086d00000|  0%| F|  |TAMS 0x0000000086c00000| PB 0x0000000086c00000| Untracked 
|  85|0x0000000086d00000, 0x0000000086d00000, 0x0000000086e00000|  0%| F|  |TAMS 0x0000000086d00000| PB 0x0000000086d00000| Untracked 
|  86|0x0000000086e00000, 0x0000000086e00000, 0x0000000086f00000|  0%| F|  |TAMS 0x0000000086e00000| PB 0x0000000086e00000| Untracked 
|  87|0x0000000086f00000, 0x0000000086f00000, 0x0000000087000000|  0%| F|  |TAMS 0x0000000086f00000| PB 0x0000000086f00000| Untracked 
|  88|0x0000000087000000, 0x0000000087000000, 0x0000000087100000|  0%| F|  |TAMS 0x0000000087000000| PB 0x0000000087000000| Untracked 
|  89|0x0000000087100000, 0x0000000087100000, 0x0000000087200000|  0%| F|  |TAMS 0x0000000087100000| PB 0x0000000087100000| Untracked 
|  90|0x0000000087200000, 0x0000000087200000, 0x0000000087300000|  0%| F|  |TAMS 0x0000000087200000| PB 0x0000000087200000| Untracked 
|  91|0x0000000087300000, 0x0000000087300000, 0x0000000087400000|  0%| F|  |TAMS 0x0000000087300000| PB 0x0000000087300000| Untracked 
|  92|0x0000000087400000, 0x0000000087400000, 0x0000000087500000|  0%| F|  |TAMS 0x0000000087400000| PB 0x0000000087400000| Untracked 
|  93|0x0000000087500000, 0x0000000087500000, 0x0000000087600000|  0%| F|  |TAMS 0x0000000087500000| PB 0x0000000087500000| Untracked 
|  94|0x0000000087600000, 0x0000000087600000, 0x0000000087700000|  0%| F|  |TAMS 0x0000000087600000| PB 0x0000000087600000| Untracked 
|  95|0x0000000087700000, 0x0000000087700000, 0x0000000087800000|  0%| F|  |TAMS 0x0000000087700000| PB 0x0000000087700000| Untracked 
|  96|0x0000000087800000, 0x0000000087800000, 0x0000000087900000|  0%| F|  |TAMS 0x0000000087800000| PB 0x0000000087800000| Untracked 
|  97|0x0000000087900000, 0x0000000087900000, 0x0000000087a00000|  0%| F|  |TAMS 0x0000000087900000| PB 0x0000000087900000| Untracked 
|  98|0x0000000087a00000, 0x0000000087a00000, 0x0000000087b00000|  0%| F|  |TAMS 0x0000000087a00000| PB 0x0000000087a00000| Untracked 
|  99|0x0000000087b00000, 0x0000000087b00000, 0x0000000087c00000|  0%| F|  |TAMS 0x0000000087b00000| PB 0x0000000087b00000| Untracked 
| 100|0x0000000087c00000, 0x0000000087c00000, 0x0000000087d00000|  0%| F|  |TAMS 0x0000000087c00000| PB 0x0000000087c00000| Untracked 
| 101|0x0000000087d00000, 0x0000000087d00000, 0x0000000087e00000|  0%| F|  |TAMS 0x0000000087d00000| PB 0x0000000087d00000| Untracked 
| 102|0x0000000087e00000, 0x0000000087f00000, 0x0000000087f00000|100%| S|CS|TAMS 0x0000000087e00000| PB 0x0000000087e00000| Complete 
| 103|0x0000000087f00000, 0x0000000088000000, 0x0000000088000000|100%| S|CS|TAMS 0x0000000087f00000| PB 0x0000000087f00000| Complete 
| 104|0x0000000088000000, 0x0000000088100000, 0x0000000088100000|100%| S|CS|TAMS 0x0000000088000000| PB 0x0000000088000000| Complete 
| 105|0x0000000088100000, 0x0000000088100000, 0x0000000088200000|  0%| F|  |TAMS 0x0000000088100000| PB 0x0000000088100000| Untracked 
| 106|0x0000000088200000, 0x0000000088200000, 0x0000000088300000|  0%| F|  |TAMS 0x0000000088200000| PB 0x0000000088200000| Untracked 
| 107|0x0000000088300000, 0x0000000088300000, 0x0000000088400000|  0%| F|  |TAMS 0x0000000088300000| PB 0x0000000088300000| Untracked 
| 108|0x0000000088400000, 0x0000000088400000, 0x0000000088500000|  0%| F|  |TAMS 0x0000000088400000| PB 0x0000000088400000| Untracked 
| 109|0x0000000088500000, 0x0000000088500000, 0x0000000088600000|  0%| F|  |TAMS 0x0000000088500000| PB 0x0000000088500000| Untracked 
| 110|0x0000000088600000, 0x0000000088600000, 0x0000000088700000|  0%| F|  |TAMS 0x0000000088600000| PB 0x0000000088600000| Untracked 
| 111|0x0000000088700000, 0x0000000088700000, 0x0000000088800000|  0%| F|  |TAMS 0x0000000088700000| PB 0x0000000088700000| Untracked 
| 112|0x0000000088800000, 0x0000000088800000, 0x0000000088900000|  0%| F|  |TAMS 0x0000000088800000| PB 0x0000000088800000| Untracked 
| 113|0x0000000088900000, 0x0000000088900000, 0x0000000088a00000|  0%| F|  |TAMS 0x0000000088900000| PB 0x0000000088900000| Untracked 
| 114|0x0000000088a00000, 0x0000000088a00000, 0x0000000088b00000|  0%| F|  |TAMS 0x0000000088a00000| PB 0x0000000088a00000| Untracked 
| 115|0x0000000088b00000, 0x0000000088b00000, 0x0000000088c00000|  0%| F|  |TAMS 0x0000000088b00000| PB 0x0000000088b00000| Untracked 
| 116|0x0000000088c00000, 0x0000000088c00000, 0x0000000088d00000|  0%| F|  |TAMS 0x0000000088c00000| PB 0x0000000088c00000| Untracked 
| 117|0x0000000088d00000, 0x0000000088d00000, 0x0000000088e00000|  0%| F|  |TAMS 0x0000000088d00000| PB 0x0000000088d00000| Untracked 
| 118|0x0000000088e00000, 0x0000000088e00000, 0x0000000088f00000|  0%| F|  |TAMS 0x0000000088e00000| PB 0x0000000088e00000| Untracked 
| 119|0x0000000088f00000, 0x0000000088f66ec0, 0x0000000089000000| 40%| E|  |TAMS 0x0000000088f00000| PB 0x0000000088f00000| Complete 
| 120|0x0000000089000000, 0x0000000089100000, 0x0000000089100000|100%| E|CS|TAMS 0x0000000089000000| PB 0x0000000089000000| Complete 
| 121|0x0000000089100000, 0x0000000089200000, 0x0000000089200000|100%| E|CS|TAMS 0x0000000089100000| PB 0x0000000089100000| Complete 
| 122|0x0000000089200000, 0x0000000089300000, 0x0000000089300000|100%| E|CS|TAMS 0x0000000089200000| PB 0x0000000089200000| Complete 
| 123|0x0000000089300000, 0x0000000089400000, 0x0000000089400000|100%| E|CS|TAMS 0x0000000089300000| PB 0x0000000089300000| Complete 
| 124|0x0000000089400000, 0x0000000089500000, 0x0000000089500000|100%| E|CS|TAMS 0x0000000089400000| PB 0x0000000089400000| Complete 
| 125|0x0000000089500000, 0x0000000089600000, 0x0000000089600000|100%| E|CS|TAMS 0x0000000089500000| PB 0x0000000089500000| Complete 
| 126|0x0000000089600000, 0x0000000089700000, 0x0000000089700000|100%| E|CS|TAMS 0x0000000089600000| PB 0x0000000089600000| Complete 
| 127|0x0000000089700000, 0x0000000089800000, 0x0000000089800000|100%| E|CS|TAMS 0x0000000089700000| PB 0x0000000089700000| Complete 

Card table byte_map: [0x0000013b9a870000,0x0000013b9ac70000] _byte_map_base: 0x0000013b9a464000

Marking Bits: (CMBitMap*) 0x0000013b82d221a0
 Bits: [0x0000013b9ac70000, 0x0000013b9cc10000)

Polling page: 0x0000013b81040000

Metaspace:

Usage:
  Non-class:     14.94 MB used.
      Class:      1.80 MB used.
       Both:     16.74 MB used.

Virtual space:
  Non-class space:       64.00 MB reserved,      15.06 MB ( 24%) committed,  1 nodes.
      Class space:        1.00 GB reserved,       1.94 MB ( <1%) committed,  1 nodes.
             Both:        1.06 GB reserved,      17.00 MB (  2%) committed. 

Chunk freelists:
   Non-Class:  704.00 KB
       Class:  14.03 MB
        Both:  14.71 MB

MaxMetaspaceSize: unlimited
CompressedClassSpaceSize: 1.00 GB
Initial GC threshold: 21.00 MB
Current GC threshold: 21.00 MB
CDS: on
 - commit_granule_bytes: 65536.
 - commit_granule_words: 8192.
 - virtual_space_node_default_size: 8388608.
 - enlarge_chunks_in_place: 1.
 - use_allocation_guard: 0.


Internal statistics:

num_allocs_failed_limit: 0.
num_arena_births: 220.
num_arena_deaths: 0.
num_vsnodes_births: 2.
num_vsnodes_deaths: 0.
num_space_committed: 272.
num_space_uncommitted: 0.
num_chunks_returned_to_freelist: 0.
num_chunks_taken_from_freelist: 414.
num_chunk_merges: 0.
num_chunk_splits: 252.
num_chunks_enlarged: 134.
num_inconsistent_stats: 0.

CodeHeap 'non-profiled nmethods': size=120000Kb used=861Kb max_used=861Kb free=119139Kb
 bounds [0x0000013b92c00000, 0x0000013b92e70000, 0x0000013b9a130000]
CodeHeap 'profiled nmethods': size=120000Kb used=4030Kb max_used=4030Kb free=115970Kb
 bounds [0x0000013b8b130000, 0x0000013b8b520000, 0x0000013b92660000]
CodeHeap 'non-nmethods': size=5760Kb used=1709Kb max_used=1759Kb free=4050Kb
 bounds [0x0000013b92660000, 0x0000013b928d0000, 0x0000013b92c00000]
 total_blobs=2958 nmethods=2216 adapters=646
 compilation: enabled
              stopped_count=0, restarted_count=0
 full_count=0

Compilation events (20 events):
Event: 103084.072 Thread 0x0000013b9f67fd10 nmethod 2207 0x0000013b92cd3710 code [0x0000013b92cd38a0, 0x0000013b92cd3960]
Event: 112937.917 Thread 0x0000013b9f67fd10 2208       4       java.lang.String::regionMatches (150 bytes)
Event: 112937.944 Thread 0x0000013b9f67fd10 nmethod 2208 0x0000013b92cd3a10 code [0x0000013b92cd3bc0, 0x0000013b92cd3e18]
Event: 115262.017 Thread 0x0000013b9f67fd10 2209       4       java.util.concurrent.locks.AbstractQueuedSynchronizer$Node::getAndUnsetStatus (14 bytes)
Event: 115262.030 Thread 0x0000013b9f67fd10 nmethod 2209 0x0000013b92cd4010 code [0x0000013b92cd41a0, 0x0000013b92cd4270]
Event: 115502.389 Thread 0x0000013b9f67fd10 2210   !   4       java.util.concurrent.locks.LockSupport::parkNanos (56 bytes)
Event: 115502.398 Thread 0x0000013b9f67fd10 nmethod 2210 0x0000013b92cd4310 code [0x0000013b92cd44c0, 0x0000013b92cd4770]
Event: 117156.383 Thread 0x0000013b9f67fd10 2211       4       java.util.concurrent.locks.ReentrantLock$NonfairSync::tryAcquire (27 bytes)
Event: 117156.396 Thread 0x0000013b9f67fd10 nmethod 2211 0x0000013b92cd4890 code [0x0000013b92cd4a20, 0x0000013b92cd4be0]
Event: 117406.751 Thread 0x0000013b9f67fd10 2212       4       java.io.WinNTFileSystem::resolve (326 bytes)
Event: 117406.803 Thread 0x0000013b9f67fd10 nmethod 2212 0x0000013b92cd4c90 code [0x0000013b92cd4ec0, 0x0000013b92cd5978]
Event: 117426.778 Thread 0x0000013b9f67fd10 2213       4       java.util.concurrent.locks.AbstractQueuedSynchronizer$Node::clearStatus (12 bytes)
Event: 117426.785 Thread 0x0000013b9f67fd10 nmethod 2213 0x0000013b92cd6190 code [0x0000013b92cd6320, 0x0000013b92cd63b0]
Event: 117426.785 Thread 0x0000013b9f67fd10 2214   !   4       java.util.concurrent.locks.AbstractQueuedSynchronizer::tryInitializeHead (66 bytes)
Event: 117426.788 Thread 0x0000013b9f67fd10 nmethod 2214 0x0000013b92cd6490 code [0x0000013b92cd6620, 0x0000013b92cd66d0]
Event: 117451.831 Thread 0x0000013b9f67fd10 2215   !   4       java.util.concurrent.locks.AbstractQueuedSynchronizer$ConditionObject::newConditionNode (78 bytes)
Event: 117451.852 Thread 0x0000013b9f67fd10 nmethod 2215 0x0000013b92cd6790 code [0x0000013b92cd6960, 0x0000013b92cd6be8]
Event: 117677.208 Thread 0x0000013b9f67fd10 2216       4       java.util.concurrent.locks.AbstractQueuedSynchronizer$ConditionObject::unlinkCancelledWaiters (91 bytes)
Event: 117677.217 Thread 0x0000013b9f67fd10 nmethod 2216 0x0000013b92cd6e10 code [0x0000013b92cd6fa0, 0x0000013b92cd72a8]
Event: 178396.537 Thread 0x0000013b9f67fd10 2217   !   4       java.lang.ref.ReferenceQueue::remove (61 bytes)

GC Heap History (2 events):
Event: 4.952 GC heap before
{Heap before GC invocations=0 (full 0):
 garbage-first heap   total 131072K, used 26624K [0x0000000081800000, 0x0000000100000000)
  region size 1024K, 23 young (23552K), 0 survivors (0K)
 Metaspace       used 10766K, committed 11008K, reserved 1114112K
  class space    used 1111K, committed 1216K, reserved 1048576K
}
Event: 4.959 GC heap after
{Heap after GC invocations=1 (full 0):
 garbage-first heap   total 131072K, used 8915K [0x0000000081800000, 0x0000000100000000)
  region size 1024K, 3 young (3072K), 3 survivors (3072K)
 Metaspace       used 10766K, committed 11008K, reserved 1114112K
  class space    used 1111K, committed 1216K, reserved 1048576K
}

Dll operation events (11 events):
Event: 0.012 Loaded shared library C:\Program Files\Java\jdk-21\bin\java.dll
Event: 0.048 Loaded shared library C:\Program Files\Java\jdk-21\bin\jsvml.dll
Event: 0.088 Loaded shared library C:\Program Files\Java\jdk-21\bin\jimage.dll
Event: 0.094 Loaded shared library C:\Program Files\Java\jdk-21\bin\net.dll
Event: 0.097 Loaded shared library C:\Program Files\Java\jdk-21\bin\nio.dll
Event: 0.104 Loaded shared library C:\Program Files\Java\jdk-21\bin\zip.dll
Event: 0.121 Loaded shared library C:\Program Files\Java\jdk-21\bin\awt.dll
Event: 0.318 Loaded shared library C:\Program Files\Java\jdk-21\bin\freetype.dll
Event: 0.319 Loaded shared library C:\Program Files\Java\jdk-21\bin\fontmanager.dll
Event: 4.884 Loaded shared library C:\Program Files\Java\jdk-21\bin\extnet.dll
Event: 5.000 Loaded shared library C:\Program Files\Java\jdk-21\bin\sunmscapi.dll

Deoptimization events (20 events):
Event: 5.135 Thread 0x0000013b9fb4dc10 Uncommon trap: trap_request=0xffffff45 fr.pc=0x0000013b92c6d300 relative=0x00000000000002c0
Event: 5.135 Thread 0x0000013b9fb4dc10 Uncommon trap: reason=unstable_if action=reinterpret pc=0x0000013b92c6d300 method=java.util.HashMap.putVal(ILjava/lang/Object;Ljava/lang/Object;ZZ)Ljava/lang/Object; @ 162 c2
Event: 5.135 Thread 0x0000013b9fb4dc10 DEOPT PACKING pc=0x0000013b92c6d300 sp=0x000000227d5fb200
Event: 5.135 Thread 0x0000013b9fb4dc10 DEOPT UNPACKING pc=0x0000013b926b46a2 sp=0x000000227d5fb138 mode 2
Event: 5.262 Thread 0x0000013b9fb4dc10 Uncommon trap: trap_request=0xffffff45 fr.pc=0x0000013b92c42994 relative=0x00000000000002f4
Event: 5.262 Thread 0x0000013b9fb4dc10 Uncommon trap: reason=unstable_if action=reinterpret pc=0x0000013b92c42994 method=java.nio.Buffer.<init>(IIIILjava/lang/foreign/MemorySegment;)V @ 50 c2
Event: 5.263 Thread 0x0000013b9fb4dc10 DEOPT PACKING pc=0x0000013b92c42994 sp=0x000000227d5fd5c0
Event: 5.263 Thread 0x0000013b9fb4dc10 DEOPT UNPACKING pc=0x0000013b926b46a2 sp=0x000000227d5fd4f8 mode 2
Event: 9.460 Thread 0x0000013b9fb4dc10 Uncommon trap: trap_request=0xffffffde fr.pc=0x0000013b92c20760 relative=0x00000000000001c0
Event: 9.461 Thread 0x0000013b9fb4dc10 Uncommon trap: reason=class_check action=maybe_recompile pc=0x0000013b92c20760 method=java.lang.String.equals(Ljava/lang/Object;)Z @ 8 c2
Event: 9.461 Thread 0x0000013b9fb4dc10 DEOPT PACKING pc=0x0000013b92c20760 sp=0x000000227d5fd110
Event: 9.461 Thread 0x0000013b9fb4dc10 DEOPT UNPACKING pc=0x0000013b926b46a2 sp=0x000000227d5fd098 mode 2
Event: 9.461 Thread 0x0000013b9fb4dc10 Uncommon trap: trap_request=0xffffffde fr.pc=0x0000013b92c20760 relative=0x00000000000001c0
Event: 9.461 Thread 0x0000013b9fb4dc10 Uncommon trap: reason=class_check action=maybe_recompile pc=0x0000013b92c20760 method=java.lang.String.equals(Ljava/lang/Object;)Z @ 8 c2
Event: 9.461 Thread 0x0000013b9fb4dc10 DEOPT PACKING pc=0x0000013b92c20760 sp=0x000000227d5fd040
Event: 9.461 Thread 0x0000013b9fb4dc10 DEOPT UNPACKING pc=0x0000013b926b46a2 sp=0x000000227d5fcfc8 mode 2
Event: 9.461 Thread 0x0000013b9fb4dc10 Uncommon trap: trap_request=0xffffffde fr.pc=0x0000013b92c20760 relative=0x00000000000001c0
Event: 9.461 Thread 0x0000013b9fb4dc10 Uncommon trap: reason=class_check action=maybe_recompile pc=0x0000013b92c20760 method=java.lang.String.equals(Ljava/lang/Object;)Z @ 8 c2
Event: 9.461 Thread 0x0000013b9fb4dc10 DEOPT PACKING pc=0x0000013b92c20760 sp=0x000000227d5fcfa0
Event: 9.461 Thread 0x0000013b9fb4dc10 DEOPT UNPACKING pc=0x0000013b926b46a2 sp=0x000000227d5fcf38 mode 2

Classes loaded (20 events):
Event: 5.471 Loading class java/awt/WaitDispatchSupport$2
Event: 5.471 Loading class java/awt/WaitDispatchSupport$2 done
Event: 5.471 Loading class java/awt/WaitDispatchSupport$4
Event: 5.471 Loading class java/awt/WaitDispatchSupport$4 done
Event: 5.472 Loading class sun/awt/ModalExclude
Event: 5.472 Loading class sun/awt/ModalExclude done
Event: 5.475 Loading class sun/awt/image/BufImgSurfaceManager
Event: 5.475 Loading class sun/awt/image/BufImgSurfaceManager done
Event: 9.462 Loading class java/awt/KeyboardFocusManager$2
Event: 9.462 Loading class java/awt/KeyboardFocusManager$2 done
Event: 9.462 Loading class sun/awt/SunToolkit$1
Event: 9.462 Loading class sun/awt/SunToolkit$1 done
Event: 9.479 Loading class java/awt/Window$1DisposeAction
Event: 9.480 Loading class java/awt/Window$1DisposeAction done
Event: 9.484 Loading class java/awt/LightweightDispatcher$2
Event: 9.484 Loading class java/awt/LightweightDispatcher$2 done
Event: 810.641 Loading class java/awt/desktop/SystemSleepListener
Event: 810.649 Loading class java/awt/desktop/SystemEventListener
Event: 810.649 Loading class java/awt/desktop/SystemEventListener done
Event: 810.649 Loading class java/awt/desktop/SystemSleepListener done

Classes unloaded (0 events):
No events

Classes redefined (0 events):
No events

Internal exceptions (20 events):
Event: 0.231 Thread 0x0000013b82ccf010 Exception <a 'java/lang/NoSuchMethodError'{0x000000008930acf0}: 'void java.lang.invoke.DirectMethodHandle$Holder.invokeSpecial(java.lang.Object, java.lang.Object, java.lang.Object)'> (0x000000008930acf0) 
thrown [s\open\src\hotspot\share\interpreter\linkResolver.cpp, line 773]
Event: 0.241 Thread 0x0000013b82ccf010 Exception <a 'java/lang/NoSuchMethodError'{0x0000000089330648}: 'java.lang.Object java.lang.invoke.DirectMethodHandle$Holder.newInvokeSpecial(java.lang.Object, java.lang.Object, java.lang.Object, java.lang.Object, java.lang.Object)'> (0x0000000089330648) 
thrown [s\open\src\hotspot\share\interpreter\linkResolver.cpp, line 773]
Event: 0.247 Thread 0x0000013b82ccf010 Exception <a 'java/lang/NoSuchMethodError'{0x000000008935c1d0}: 'java.lang.Object java.lang.invoke.DirectMethodHandle$Holder.invokeStatic(java.lang.Object, int, java.lang.Object)'> (0x000000008935c1d0) 
thrown [s\open\src\hotspot\share\interpreter\linkResolver.cpp, line 773]
Event: 0.267 Thread 0x0000013b82ccf010 Exception <a 'java/lang/ClassNotFoundException'{0x00000000893fbb28}: com/sun/swing/internal/plaf/metal/resources/spi/metalProvider> (0x00000000893fbb28) 
thrown [s\open\src\hotspot\share\classfile\systemDictionary.cpp, line 312]
Event: 0.268 Thread 0x0000013b82ccf010 Exception <a 'java/lang/ClassNotFoundException'{0x00000000893ffab8}: com/sun/swing/internal/plaf/basic/resources/spi/basicProvider> (0x00000000893ffab8) 
thrown [s\open\src\hotspot\share\classfile\systemDictionary.cpp, line 312]
Event: 0.278 Thread 0x0000013b82ccf010 Exception <a 'java/lang/NoSuchMethodError'{0x000000008921f830}: 'int java.lang.invoke.Invokers$Holder.invokeExact_MT(java.lang.Object, java.lang.Object)'> (0x000000008921f830) 
thrown [s\open\src\hotspot\share\interpreter\linkResolver.cpp, line 773]
Event: 0.299 Thread 0x0000013b9faf6d40 Exception <a 'java/lang/NoSuchMethodError'{0x0000000089484fb8}: 'void java.lang.invoke.DirectMethodHandle$Holder.invokeVirtual(java.lang.Object, java.lang.Object)'> (0x0000000089484fb8) 
thrown [s\open\src\hotspot\share\interpreter\linkResolver.cpp, line 773]
Event: 0.314 Thread 0x0000013b82ccf010 Exception <a 'java/lang/NoSuchMethodError'{0x000000008925b318}: 'void java.lang.invoke.DirectMethodHandle$Holder.invokeStaticInit(java.lang.Object)'> (0x000000008925b318) 
thrown [s\open\src\hotspot\share\interpreter\linkResolver.cpp, line 773]
Event: 0.430 Thread 0x0000013b9fb4dc10 Exception <a 'java/io/FileNotFoundException'{0x00000000892cf470}> (0x00000000892cf470) 
thrown [s\open\src\hotspot\share\prims\jni.cpp, line 520]
Event: 0.441 Thread 0x0000013b9fb4dc10 Exception <a 'java/io/FileNotFoundException'{0x00000000891ec988}> (0x00000000891ec988) 
thrown [s\open\src\hotspot\share\prims\jni.cpp, line 520]
Event: 4.705 Thread 0x0000013b9fb4dc10 Exception <a 'java/lang/NoSuchMethodError'{0x000000008874cae8}: 'void java.lang.invoke.DirectMethodHandle$Holder.invokeStatic(java.lang.Object, java.lang.Object)'> (0x000000008874cae8) 
thrown [s\open\src\hotspot\share\interpreter\linkResolver.cpp, line 773]
Event: 4.758 Thread 0x0000013b9fb4dc10 Exception <a 'java/lang/NoSuchMethodError'{0x000000008867a948}: 'java.lang.Object java.lang.invoke.DirectMethodHandle$Holder.invokeInterface(java.lang.Object, java.lang.Object)'> (0x000000008867a948) 
thrown [s\open\src\hotspot\share\interpreter\linkResolver.cpp, line 773]
Event: 4.791 Thread 0x0000013b9fb4dc10 Exception <a 'java/lang/NoSuchMethodError'{0x00000000886f2ec8}: 'void java.lang.invoke.DirectMethodHandle$Holder.invokeStatic(java.lang.Object, java.lang.Object, java.lang.Object)'> (0x00000000886f2ec8) 
thrown [s\open\src\hotspot\share\interpreter\linkResolver.cpp, line 773]
Event: 4.792 Thread 0x0000013b9fb4dc10 Exception <a 'java/lang/NoSuchMethodError'{0x00000000886fc208}: 'java.lang.Object java.lang.invoke.DirectMethodHandle$Holder.invokeVirtual(java.lang.Object, java.lang.Object, java.lang.Object)'> (0x00000000886fc208) 
thrown [s\open\src\hotspot\share\interpreter\linkResolver.cpp, line 773]
Event: 4.952 Thread 0x0000013b9fb4dc10 Exception <a 'java/lang/NoSuchMethodError'{0x00000000881fcdb8}: 'void java.lang.invoke.DirectMethodHandle$Holder.invokeStaticInit(java.lang.Object, java.lang.Object)'> (0x00000000881fcdb8) 
thrown [s\open\src\hotspot\share\interpreter\linkResolver.cpp, line 773]
Event: 5.044 Thread 0x0000013b9fb4dc10 Exception <a 'sun/nio/fs/WindowsException'{0x00000000896f32f8}> (0x00000000896f32f8) 
thrown [s\open\src\hotspot\share\prims\jni.cpp, line 520]
Event: 5.087 Thread 0x0000013b9fb4dc10 Exception <a 'java/lang/NoSuchMethodError'{0x00000000895a0db8}: 'java.lang.Object java.lang.invoke.DirectMethodHandle$Holder.invokeStaticInit(java.lang.Object, int, int, int, int)'> (0x00000000895a0db8) 
thrown [s\open\src\hotspot\share\interpreter\linkResolver.cpp, line 773]
Event: 5.113 Thread 0x0000013b9fb4dc10 Exception <a 'java/lang/NoSuchMethodError'{0x0000000089437ac0}: 'java.lang.Object java.lang.invoke.DirectMethodHandle$Holder.invokeStaticInit(java.lang.Object, java.lang.Object, int, int, int, int)'> (0x0000000089437ac0) 
thrown [s\open\src\hotspot\share\interpreter\linkResolver.cpp, line 773]
Event: 5.404 Thread 0x0000013be5c54e70 Exception <a 'java/lang/NoSuchMethodError'{0x00000000891c8c30}: 'java.lang.Object java.lang.invoke.DirectMethodHandle$Holder.newInvokeSpecial(java.lang.Object, java.lang.Object, java.lang.Object, int, int, int, int, int)'> (0x00000000891c8c30) 
thrown [s\open\src\hotspot\share\interpreter\linkResolver.cpp, line 773]
Event: 5.469 Thread 0x0000013b9fb4dc10 Exception <a 'java/lang/NoSuchMethodError'{0x00000000891863f8}: 'int java.lang.invoke.DirectMethodHandle$Holder.invokeStatic(java.lang.Object)'> (0x00000000891863f8) 
thrown [s\open\src\hotspot\share\interpreter\linkResolver.cpp, line 773]

ZGC Phase Switch (0 events):
No events

VM Operations (20 events):
Event: 190.519 Executing VM operation: Cleanup
Event: 190.519 Executing VM operation: Cleanup done
Event: 305.735 Executing VM operation: Cleanup
Event: 305.735 Executing VM operation: Cleanup done
Event: 616.208 Executing VM operation: Cleanup
Event: 616.208 Executing VM operation: Cleanup done
Event: 626.303 Executing VM operation: Cleanup
Event: 626.303 Executing VM operation: Cleanup done
Event: 1866.038 Executing VM operation: Cleanup
Event: 1866.038 Executing VM operation: Cleanup done
Event: 1996.249 Executing VM operation: Cleanup
Event: 1996.249 Executing VM operation: Cleanup done
Event: 2051.659 Executing VM operation: Cleanup
Event: 2051.659 Executing VM operation: Cleanup done
Event: 29100.841 Executing VM operation: Cleanup
Event: 29100.844 Executing VM operation: Cleanup done
Event: 103089.473 Executing VM operation: Cleanup
Event: 103089.477 Executing VM operation: Cleanup done
Event: 117162.117 Executing VM operation: Cleanup
Event: 117162.124 Executing VM operation: Cleanup done

Events (20 events):
Event: 0.046 Thread 0x0000013b9f679e60 Thread added: 0x0000013b9f679e60
Event: 0.046 Thread 0x0000013b9f67fd10 Thread added: 0x0000013b9f67fd10
Event: 0.046 Thread 0x0000013b9f6803c0 Thread added: 0x0000013b9f6803c0
Event: 0.065 Thread 0x0000013b9f92c8a0 Thread added: 0x0000013b9f92c8a0
Event: 0.068 Thread 0x0000013b9f930340 Thread added: 0x0000013b9f930340
Event: 0.191 Thread 0x0000013b9fae88e0 Thread added: 0x0000013b9fae88e0
Event: 0.193 Thread 0x0000013b9faefa20 Thread added: 0x0000013b9faefa20
Event: 0.194 Thread 0x0000013b9faf6d40 Thread added: 0x0000013b9faf6d40
Event: 0.299 Thread 0x0000013b9fb4dc10 Thread added: 0x0000013b9fb4dc10
Event: 0.374 Thread 0x0000013b82ccf010 Thread exited: 0x0000013b82ccf010
Event: 0.374 Thread 0x0000013b82ccf010 Thread added: 0x0000013b82ccf010
Event: 0.808 Thread 0x0000013be587ac50 Thread added: 0x0000013be587ac50
Event: 1.086 Thread 0x0000013be587ac50 Thread exited: 0x0000013be587ac50
Event: 4.707 Thread 0x0000013be5a3e390 Thread added: 0x0000013be5a3e390
Event: 4.771 Thread 0x0000013be6693270 Thread added: 0x0000013be6693270
Event: 5.205 Thread 0x0000013be6578660 Thread added: 0x0000013be6578660
Event: 5.402 Thread 0x0000013be5c54e70 Thread added: 0x0000013be5c54e70
Event: 8.103 Thread 0x0000013be6693270 Thread exited: 0x0000013be6693270
Event: 8.103 Thread 0x0000013be6578660 Thread exited: 0x0000013be6578660
Event: 10.412 Thread 0x0000013be5c54e70 Thread exited: 0x0000013be5c54e70


Dynamic libraries:
0x00007ff6a3050000 - 0x00007ff6a3060000 	C:\Program Files\Java\jdk-21\bin\javaw.exe
0x00007ff98fde0000 - 0x00007ff990047000 	C:\WINDOWS\SYSTEM32\ntdll.dll
0x00007ff95ca00000 - 0x00007ff95ca21000 	C:\Program Files\AVG\Antivirus\aswhook.dll
0x00007ff98f500000 - 0x00007ff98f5c9000 	C:\WINDOWS\System32\KERNEL32.DLL
0x00007ff98d080000 - 0x00007ff98d477000 	C:\WINDOWS\System32\KERNELBASE.dll
0x00007ff98d890000 - 0x00007ff98d9db000 	C:\WINDOWS\System32\ucrtbase.dll
0x00007ff984210000 - 0x00007ff984229000 	C:\Program Files\Java\jdk-21\bin\jli.dll
0x00007ff9841f0000 - 0x00007ff98420b000 	C:\Program Files\Java\jdk-21\bin\VCRUNTIME140.dll
0x00007ff98f7a0000 - 0x00007ff98f856000 	C:\WINDOWS\System32\ADVAPI32.dll
0x00007ff98f9f0000 - 0x00007ff98fa99000 	C:\WINDOWS\System32\msvcrt.dll
0x00007ff98dcf0000 - 0x00007ff98dd97000 	C:\WINDOWS\System32\sechost.dll
0x00007ff98f670000 - 0x00007ff98f788000 	C:\WINDOWS\System32\RPCRT4.dll
0x00007ff98e3d0000 - 0x00007ff98e596000 	C:\WINDOWS\System32\USER32.dll
0x00007ff98d700000 - 0x00007ff98d727000 	C:\WINDOWS\System32\win32u.dll
0x00007ff978390000 - 0x00007ff978622000 	C:\WINDOWS\WinSxS\amd64_microsoft.windows.common-controls_6595b64144ccf1df_6.0.26100.8457_none_3e0b2faee331e92d\COMCTL32.dll
0x00007ff98f640000 - 0x00007ff98f66b000 	C:\WINDOWS\System32\GDI32.dll
0x00007ff98d5d0000 - 0x00007ff98d6fc000 	C:\WINDOWS\System32\gdi32full.dll
0x00007ff98d7e0000 - 0x00007ff98d883000 	C:\WINDOWS\System32\msvcp_win.dll
0x00007ff980150000 - 0x00007ff98015b000 	C:\WINDOWS\SYSTEM32\VERSION.dll
0x00007ff98df00000 - 0x00007ff98df32000 	C:\WINDOWS\System32\IMM32.DLL
0x00007ff9841e0000 - 0x00007ff9841ec000 	C:\Program Files\Java\jdk-21\bin\vcruntime140_1.dll
0x00007ff984150000 - 0x00007ff9841de000 	C:\Program Files\Java\jdk-21\bin\msvcp140.dll
0x00007ff92b450000 - 0x00007ff92c167000 	C:\Program Files\Java\jdk-21\bin\server\jvm.dll
0x00007ff98faa0000 - 0x00007ff98fb20000 	C:\WINDOWS\System32\WS2_32.dll
0x00007ff98c670000 - 0x00007ff98c6ce000 	C:\WINDOWS\SYSTEM32\POWRPROF.dll
0x00007ff970760000 - 0x00007ff970796000 	C:\WINDOWS\SYSTEM32\WINMM.dll
0x00007ff98c650000 - 0x00007ff98c664000 	C:\WINDOWS\SYSTEM32\UMPDC.dll
0x00007ff98b570000 - 0x00007ff98b58b000 	C:\WINDOWS\SYSTEM32\kernel.appcore.dll
0x00007ff965330000 - 0x00007ff96533a000 	C:\Program Files\Java\jdk-21\bin\jimage.dll
0x00007ff98a2d0000 - 0x00007ff98a512000 	C:\WINDOWS\SYSTEM32\DBGHELP.DLL
0x00007ff98ef70000 - 0x00007ff98f2f3000 	C:\WINDOWS\System32\combase.dll
0x00007ff98f390000 - 0x00007ff98f469000 	C:\WINDOWS\System32\OLEAUT32.dll
0x00007ff97dab0000 - 0x00007ff97daeb000 	C:\WINDOWS\SYSTEM32\dbgcore.DLL
0x00007ff98d730000 - 0x00007ff98d7d8000 	C:\WINDOWS\System32\bcryptPrimitives.dll
0x00007ff963870000 - 0x00007ff96388f000 	C:\Program Files\Java\jdk-21\bin\java.dll
0x00007ff98e7a0000 - 0x00007ff98ef0e000 	C:\WINDOWS\System32\SHELL32.dll
0x00007ff98c810000 - 0x00007ff98d07c000 	C:\WINDOWS\System32\windows.storage.dll
0x00007ff98dbe0000 - 0x00007ff98dcd6000 	C:\WINDOWS\System32\SHCORE.dll
0x00007ff98f5d0000 - 0x00007ff98f636000 	C:\WINDOWS\System32\shlwapi.dll
0x00007ff98c730000 - 0x00007ff98c759000 	C:\WINDOWS\SYSTEM32\profapi.dll
0x00007ff963790000 - 0x00007ff963867000 	C:\Program Files\Java\jdk-21\bin\jsvml.dll
0x00007ff965320000 - 0x00007ff965330000 	C:\Program Files\Java\jdk-21\bin\net.dll
0x00007ff9801c0000 - 0x00007ff9802e9000 	C:\WINDOWS\SYSTEM32\WINHTTP.dll
0x00007ff98bae0000 - 0x00007ff98bb4c000 	C:\WINDOWS\system32\mswsock.dll
0x00007ff963770000 - 0x00007ff963786000 	C:\Program Files\Java\jdk-21\bin\nio.dll
0x00007ff963750000 - 0x00007ff963768000 	C:\Program Files\Java\jdk-21\bin\zip.dll
0x00007ff9756b0000 - 0x00007ff97583f000 	C:\Program Files\Java\jdk-21\bin\awt.dll
0x00007ff989cb0000 - 0x00007ff989d50000 	C:\WINDOWS\SYSTEM32\apphelp.dll
0x00007ff98a160000 - 0x00007ff98a18f000 	C:\WINDOWS\system32\DWMAPI.DLL
0x00007ff989e90000 - 0x00007ff989f3a000 	C:\WINDOWS\system32\uxtheme.dll
0x00007ff953670000 - 0x00007ff95377f000 	C:\WINDOWS\system32\opengl32.dll
0x00007ff953640000 - 0x00007ff95366d000 	C:\WINDOWS\SYSTEM32\GLU32.dll
0x00007ff98a280000 - 0x00007ff98a2c5000 	C:\WINDOWS\SYSTEM32\dxcore.dll
0x00007ff98dda0000 - 0x00007ff98defc000 	C:\WINDOWS\System32\MSCTF.dll
0x00007ff98fc00000 - 0x00007ff98fd97000 	C:\WINDOWS\System32\ole32.dll
0x00007ff915660000 - 0x00007ff9156e7000 	C:\Program Files\Java\jdk-21\bin\freetype.dll
0x00007ff8f6ed0000 - 0x00007ff8f6fb2000 	C:\Program Files\Java\jdk-21\bin\fontmanager.dll
0x00007ff979890000 - 0x00007ff9799d6000 	C:\WINDOWS\SYSTEM32\textinputframework.dll
0x00007ff96bbb0000 - 0x00007ff96bc26000 	C:\WINDOWS\system32\Oleacc.dll
0x00007ff989a20000 - 0x00007ff989b47000 	C:\WINDOWS\SYSTEM32\CoreMessaging.dll
0x00007ff985c80000 - 0x00007ff985f62000 	C:\WINDOWS\SYSTEM32\CoreUIComponents.dll
0x00007ff986970000 - 0x00007ff986ada000 	C:\WINDOWS\SYSTEM32\wintypes.dll
0x00007ff98bf80000 - 0x00007ff98bf8c000 	C:\WINDOWS\SYSTEM32\CRYPTBASE.DLL
0x00007ff98b070000 - 0x00007ff98b1a2000 	C:\WINDOWS\SYSTEM32\DNSAPI.dll
0x00007ff98af80000 - 0x00007ff98afb2000 	C:\WINDOWS\SYSTEM32\IPHLPAPI.DLL
0x00007ff98f9e0000 - 0x00007ff98f9ea000 	C:\WINDOWS\System32\NSI.dll
0x00007ff979170000 - 0x00007ff97917b000 	C:\Windows\System32\rasadhlp.dll
0x00007ff97ecc0000 - 0x00007ff97ed46000 	C:\WINDOWS\System32\fwpuclnt.dll
0x00007ff92a2c0000 - 0x00007ff92a2c9000 	C:\Program Files\Java\jdk-21\bin\extnet.dll
0x00007ff987ae0000 - 0x00007ff987aee000 	C:\Program Files\Java\jdk-21\bin\sunmscapi.dll
0x00007ff98d9e0000 - 0x00007ff98db58000 	C:\WINDOWS\System32\CRYPT32.dll
0x00007ff98c010000 - 0x00007ff98c040000 	C:\WINDOWS\SYSTEM32\ncrypt.dll
0x00007ff98bfc0000 - 0x00007ff98bfff000 	C:\WINDOWS\SYSTEM32\NTASN1.dll
0x00007ff98bdc0000 - 0x00007ff98bddb000 	C:\WINDOWS\SYSTEM32\CRYPTSP.dll
0x00007ff98b4d0000 - 0x00007ff98b509000 	C:\WINDOWS\system32\rsaenh.dll
0x00007ff98bb90000 - 0x00007ff98bbc3000 	C:\WINDOWS\SYSTEM32\USERENV.dll
0x00007ff98c700000 - 0x00007ff98c72a000 	C:\WINDOWS\SYSTEM32\bcrypt.dll

dbghelp: loaded successfully - version: 4.0.5 - missing functions: none
symbol engine: initialized successfully - sym options: 0x614 - pdb path: .;C:\Program Files\Java\jdk-21\bin;C:\WINDOWS\SYSTEM32;C:\Program Files\AVG\Antivirus;C:\WINDOWS\WinSxS\amd64_microsoft.windows.common-controls_6595b64144ccf1df_6.0.26100.8457_none_3e0b2faee331e92d;C:\Program Files\Java\jdk-21\bin\server

VM Arguments:
jvm_args: -Dfile.encoding=UTF-8 -Dstdout.encoding=UTF-8 -Dstderr.encoding=UTF-8 -XX:+ShowCodeDetailsInExceptionMessages 
java_command: bank_management.signupthree
java_class_path (initial): C:\Users\Ritika\eclipse-workspace\Bank_management\bin;C:\Users\Ritika\Desktop\jarfile\mysql-connector-java-8.0.28 (1).jar;C:\Users\Ritika\Desktop\jarfile\jcalendar-tz-1.3.3-4 (1).jar
Launcher Type: SUN_STANDARD

[Global flags]
     intx CICompilerCount                          = 4                                         {product} {ergonomic}
     uint ConcGCThreads                            = 2                                         {product} {ergonomic}
     uint G1ConcRefinementThreads                  = 8                                         {product} {ergonomic}
   size_t G1HeapRegionSize                         = 1048576                                   {product} {ergonomic}
    uintx GCDrainStackTargetSize                   = 64                                        {product} {ergonomic}
   size_t InitialHeapSize                          = 134217728                                 {product} {ergonomic}
   size_t MarkStackSize                            = 4194304                                   {product} {ergonomic}
   size_t MaxHeapSize                              = 2122317824                                {product} {ergonomic}
   size_t MaxNewSize                               = 1272971264                                {product} {ergonomic}
   size_t MinHeapDeltaBytes                        = 1048576                                   {product} {ergonomic}
   size_t MinHeapSize                              = 8388608                                   {product} {ergonomic}
    uintx NonNMethodCodeHeapSize                   = 5839372                                {pd product} {ergonomic}
    uintx NonProfiledCodeHeapSize                  = 122909434                              {pd product} {ergonomic}
    uintx ProfiledCodeHeapSize                     = 122909434                              {pd product} {ergonomic}
    uintx ReservedCodeCacheSize                    = 251658240                              {pd product} {ergonomic}
     bool SegmentedCodeCache                       = true                                      {product} {ergonomic}
     bool ShowCodeDetailsInExceptionMessages       = true                                   {manageable} {command line}
   size_t SoftMaxHeapSize                          = 2122317824                             {manageable} {ergonomic}
     bool UseCompressedOops                        = true                           {product lp64_product} {ergonomic}
     bool UseG1GC                                  = true                                      {product} {ergonomic}
     bool UseLargePagesIndividualAllocation        = false                                  {pd product} {ergonomic}

Logging:
Log output configuration:
 #0: stdout all=warning uptime,level,tags foldmultilines=false
 #1: stderr all=off uptime,level,tags foldmultilines=false

Environment Variables:
PATH=C:/Program Files/Java/jdk-21/bin/server;C:/Program Files/Java/jdk-21/bin;C:\Program Files\Common Files\Oracle\Java\javapath;C:\Program Files (x86)\Common Files\Oracle\Java\java8path;C:\Program Files (x86)\Common Files\Oracle\Java\javapath;C:\Python311\Scripts\;C:\Python311\;C:\ProgramData\Oracle\Java\javapath;C:\WINDOWS\system32;C:\WINDOWS;C:\WINDOWS\System32\Wbem;C:\WINDOWS\System32\WindowsPowerShell\v1.0\;C:\WINDOWS\System32\OpenSSH\;C:\ProgramData\chocolatey\bin;C:\Program Files\nodejs;C:\MinGW\bin;C:\Program Files\MySQL\MySQL Server 8.0\bin;C:\Program Files\nodejs\;C:\Program Files\MySQL\MySQL Server 9.7\bin;C:\Program Files\MySQL\MySQL Shell 8.0\bin\;C:\Users\Ritika\AppData\Local\Microsoft\WindowsApps;C:\Users\Ritika\AppData\Local\Programs\Microsoft VS Code\bin;C:\Program Files\nodejs;C:\Users\Ritika\Downloads\B2CoreJavaAdv\B2CoreJavaAdv\src;C:\Users\Ritika\AppData\Local\GitHubDesktop\bin;C:\Users\Ritika\AppData\Roaming\npm;C:\Program Files\Java\jdk-24\bin;;C:\Users\Ritika\Desktop;
USERNAME=Ritika
OS=Windows_NT
PROCESSOR_IDENTIFIER=Intel64 Family 6 Model 142 Stepping 10, GenuineIntel
TMP=C:\Users\Ritika\AppData\Local\Temp
TEMP=C:\Users\Ritika\AppData\Local\Temp




Periodic native trim disabled

---------------  S Y S T E M  ---------------

OS:
 Windows 11 , 64 bit Build 26100 (10.0.26100.8328)
OS uptime: 3 days 20:23 hours

CPU: total 8 (initial active 8) (4 cores per cpu, 2 threads per core) family 6 model 142 stepping 10 microcode 0xf6, cx8, cmov, fxsr, ht, mmx, 3dnowpref, sse, sse2, sse3, ssse3, sse4.1, sse4.2, popcnt, lzcnt, tsc, tscinvbit, avx, avx2, aes, erms, clmul, bmi1, bmi2, adx, fma, vzeroupper, clflush, clflushopt, rdtscp, f16c
Processor Information for all 8 processors :
  Max Mhz: 1801, Current Mhz: 1801, Mhz Limit: 1801

Memory: 4k page, system-wide physical 8094M (454M free)
TotalPageFile size 32670M (AvailPageFile size 0M)
current process WorkingSet (physical memory assigned to process): 16M, peak: 132M
current process commit charge ("private bytes"): 244M, peak: 260M

vm_info: Java HotSpot(TM) 64-Bit Server VM (21.0.2+13-LTS-58) for windows-amd64 JRE (21.0.2+13-LTS-58), built on 2024-01-05T18:32:24Z by "mach5one" with MS VC++ 17.1 (VS2022)

END.
