#
# There is insufficient memory for the Java Runtime Environment to continue.
# Native memory allocation (malloc) failed to allocate 32744 bytes for Chunk::new
# Possible reasons:
#   The system is out of physical RAM or swap space
#   The process is running with CompressedOops enabled, and the Java Heap may be blocking the growth of the native heap
# Possible solutions:
#   Reduce memory load on the system
#   Increase physical memory or swap space
#   Check if swap backing store is full
#   Decrease Java heap size (-Xmx/-Xms)
#   Decrease number of Java threads
#   Decrease Java thread stack sizes (-Xss)
#   Set larger code cache with -XX:ReservedCodeCacheSize=
#   JVM is running with Unscaled Compressed Oops mode in which the Java heap is
#     placed in the first 4GB address space. The Java Heap base address is the
#     maximum limit for the native heap growth. Please use -XX:HeapBaseMinAddress
#     to set the Java Heap base and to place the Java Heap above 4GB virtual address.
# This output file may be truncated or incomplete.
#
#  Out of Memory Error (arena.cpp:168), pid=18180, tid=22476
#
# JRE version: Java(TM) SE Runtime Environment (21.0.2+13) (build 21.0.2+13-LTS-58)
# Java VM: Java HotSpot(TM) 64-Bit Server VM (21.0.2+13-LTS-58, mixed mode, sharing, tiered, compressed oops, compressed class ptrs, g1 gc, windows-amd64)
# No core dump will be written. Minidumps are not enabled by default on client versions of Windows
#

---------------  S U M M A R Y ------------

Command Line: -Dfile.encoding=UTF-8 -Dstdout.encoding=UTF-8 -Dstderr.encoding=UTF-8 -XX:+ShowCodeDetailsInExceptionMessages bank_management.signupthree

Host: Intel(R) Core(TM) i5-8250U CPU @ 1.60GHz, 8 cores, 7G,  Windows 11 , 64 bit Build 26100 (10.0.26100.8328)
Time: Tue Jun  9 15:17:38 2026 India Standard Time elapsed time: 179185.812825 seconds (2d 1h 46m 25s)

---------------  T H R E A D  ---------------

Current thread (0x000002221cd4e810):  JavaThread "C2 CompilerThread0" daemon [_thread_in_native, id=22476, stack(0x000000a370500000,0x000000a370600000) (1024K)]


Current CompileTask:
C2:179185813 2355   !   4       java.net.URL::<init> (543 bytes)

Stack: [0x000000a370500000,0x000000a370600000]
Native frames: (J=compiled Java code, j=interpreted, Vv=VM code, C=native code)
V  [jvm.dll+0x6cade9]
V  [jvm.dll+0x8569c1]
V  [jvm.dll+0x858d2e]
V  [jvm.dll+0x859413]
V  [jvm.dll+0x280e56]
V  [jvm.dll+0xc3f3d]
V  [jvm.dll+0xc4473]
V  [jvm.dll+0x6a61f0]
V  [jvm.dll+0x6a6014]
V  [jvm.dll+0x321a3b]
V  [jvm.dll+0x68e4e7]
V  [jvm.dll+0x13746c]
V  [jvm.dll+0x3924b4]
V  [jvm.dll+0x6e8a3e]
V  [jvm.dll+0x6e7ce0]
V  [jvm.dll+0x6e318f]
V  [jvm.dll+0x6dd596]
V  [jvm.dll+0x6dca2e]
V  [jvm.dll+0x6dac4c]
V  [jvm.dll+0x1cc90c]
V  [jvm.dll+0x248d3d]
V  [jvm.dll+0x1c9634]
V  [jvm.dll+0x258859]
V  [jvm.dll+0x256e3a]
V  [jvm.dll+0x3ef6c6]
V  [jvm.dll+0x7ff568]
V  [jvm.dll+0x6c953d]
C  [ucrtbase.dll+0x37b0]
C  [KERNEL32.DLL+0x2e957]
C  [ntdll.dll+0x427c]


---------------  P R O C E S S  ---------------

Threads class SMR info:
_java_thread_list=0x0000022263e23510, length=16, elements={
0x000002221cd31fa0, 0x000002221cd32610, 0x000002221cd3be80, 0x000002221cd3c850,
0x000002221cd45ee0, 0x000002221cd4da60, 0x000002221cd4e810, 0x00000222620047c0,
0x000002226215d870, 0x000002226215e4b0, 0x0000022262337ac0, 0x000002226234f2b0,
0x0000022262353230, 0x00000222623b5300, 0x000002227fbc5920, 0x00000222631f5ba0
}

Java Threads: ( => current thread )
  0x000002221cd31fa0 JavaThread "Reference Handler"          daemon [_thread_blocked, id=18392, stack(0x000000a36ff00000,0x000000a370000000) (1024K)]
  0x000002221cd32610 JavaThread "Finalizer"                  daemon [_thread_blocked, id=20888, stack(0x000000a370000000,0x000000a370100000) (1024K)]
  0x000002221cd3be80 JavaThread "Signal Dispatcher"          daemon [_thread_blocked, id=23504, stack(0x000000a370100000,0x000000a370200000) (1024K)]
  0x000002221cd3c850 JavaThread "Attach Listener"            daemon [_thread_blocked, id=18252, stack(0x000000a370200000,0x000000a370300000) (1024K)]
  0x000002221cd45ee0 JavaThread "Service Thread"             daemon [_thread_blocked, id=19284, stack(0x000000a370300000,0x000000a370400000) (1024K)]
  0x000002221cd4da60 JavaThread "Monitor Deflation Thread"   daemon [_thread_blocked, id=5800, stack(0x000000a370400000,0x000000a370500000) (1024K)]
=>0x000002221cd4e810 JavaThread "C2 CompilerThread0"         daemon [_thread_in_native, id=22476, stack(0x000000a370500000,0x000000a370600000) (1024K)]
  0x00000222620047c0 JavaThread "C1 CompilerThread0"         daemon [_thread_blocked, id=24436, stack(0x000000a370600000,0x000000a370700000) (1024K)]
  0x000002226215d870 JavaThread "Notification Thread"        daemon [_thread_blocked, id=14092, stack(0x000000a370700000,0x000000a370800000) (1024K)]
  0x000002226215e4b0 JavaThread "Common-Cleaner"             daemon [_thread_blocked, id=23044, stack(0x000000a370800000,0x000000a370900000) (1024K)]
  0x0000022262337ac0 JavaThread "Java2D Disposer"            daemon [_thread_blocked, id=16820, stack(0x000000a370900000,0x000000a370a00000) (1024K)]
  0x000002226234f2b0 JavaThread "AWT-Shutdown"                      [_thread_blocked, id=24688, stack(0x000000a370a00000,0x000000a370b00000) (1024K)]
  0x0000022262353230 JavaThread "AWT-Windows"                daemon [_thread_in_native, id=9180, stack(0x000000a370b00000,0x000000a370c00000) (1024K)]
  0x00000222623b5300 JavaThread "AWT-EventQueue-0"                  [_thread_blocked, id=10060, stack(0x000000a370c00000,0x000000a370d00000) (1024K)]
  0x000002227fbc5920 JavaThread "DestroyJavaVM"                     [_thread_blocked, id=10312, stack(0x000000a36f700000,0x000000a36f800000) (1024K)]
  0x00000222631f5ba0 JavaThread "mysql-cj-abandoned-connection-cleanup" daemon [_thread_blocked, id=24336, stack(0x000000a370d00000,0x000000a370e00000) (1024K)]
Total: 16

Other Threads:
  0x000002221cd112b0 VMThread "VM Thread"                           [id=21808, stack(0x000000a36fe00000,0x000000a36ff00000) (1024K)]
  0x000002221ccfa820 WatcherThread "VM Periodic Task Thread"        [id=20576, stack(0x000000a36fd00000,0x000000a36fe00000) (1024K)]
  0x000002227fc10f00 WorkerThread "GC Thread#0"                     [id=11852, stack(0x000000a36f800000,0x000000a36f900000) (1024K)]
  0x0000022262f11080 WorkerThread "GC Thread#1"                     [id=23988, stack(0x000000a370f00000,0x000000a371000000) (1024K)]
  0x0000022262f11420 WorkerThread "GC Thread#2"                     [id=20076, stack(0x000000a371000000,0x000000a371100000) (1024K)]
  0x0000022262f11bd0 WorkerThread "GC Thread#3"                     [id=6692, stack(0x000000a371100000,0x000000a371200000) (1024K)]
  0x0000022262de3a80 WorkerThread "GC Thread#4"                     [id=20356, stack(0x000000a371200000,0x000000a371300000) (1024K)]
  0x000002226315b780 WorkerThread "GC Thread#5"                     [id=9040, stack(0x000000a371300000,0x000000a371400000) (1024K)]
  0x0000022262f04680 WorkerThread "GC Thread#6"                     [id=20164, stack(0x000000a371400000,0x000000a371500000) (1024K)]
  0x000002226317a070 WorkerThread "GC Thread#7"                     [id=21624, stack(0x000000a371500000,0x000000a371600000) (1024K)]
  0x000002227fc22a60 ConcurrentGCThread "G1 Main Marker"            [id=17132, stack(0x000000a36f900000,0x000000a36fa00000) (1024K)]
  0x000002227fc23dd0 WorkerThread "G1 Conc#0"                       [id=17056, stack(0x000000a36fa00000,0x000000a36fb00000) (1024K)]
  0x000002221cbb36d0 ConcurrentGCThread "G1 Refine#0"               [id=14632, stack(0x000000a36fb00000,0x000000a36fc00000) (1024K)]
  0x000002221cbb8030 ConcurrentGCThread "G1 Service"                [id=20084, stack(0x000000a36fc00000,0x000000a36fd00000) (1024K)]
Total: 14

Threads with active compile tasks:
C2 CompilerThread0  179185921 2355   !   4       java.net.URL::<init> (543 bytes)
Total: 1

VM state: not at safepoint (normal execution)

VM Mutex/Monitor currently owned by a thread: None

Heap address: 0x0000000081800000, size: 2024 MB, Compressed Oops mode: 32-bit

CDS archive(s) mapped at: [0x000002221d000000-0x000002221dc90000-0x000002221dc90000), size 13172736, SharedBaseAddress: 0x000002221d000000, ArchiveRelocationMode: 1.
Compressed class space mapped at: 0x000002221e000000-0x000002225e000000, reserved size: 1073741824
Narrow klass base: 0x000002221d000000, Narrow klass shift: 0, Narrow klass range: 0x100000000

GC Precious Log:
 CardTable entry size: 512
 Card Set container configuration: InlinePtr #cards 5 size 8 Array Of Cards #cards 12 size 40 Howl #buckets 4 coarsen threshold 1843 Howl Bitmap #cards 512 size 80 coarsen threshold 460 Card regions per heap region 1 cards per card region 2048
 CPUs: 8 total, 8 available
 Memory: 8094M
 Large Page Support: Disabled
 NUMA Support: Disabled
 Compressed Oops: Enabled (32-bit)
 Heap Region Size: 1M
 Heap Min Capacity: 8M
 Heap Initial Capacity: 128M
 Heap Max Capacity: 2024M
 Pre-touch: Disabled
 Parallel Workers: 8
 Concurrent Workers: 2
 Concurrent Refinement Workers: 8
 Periodic GC: Disabled

Heap:
 garbage-first heap   total 131072K, used 17815K [0x0000000081800000, 0x0000000100000000)
  region size 1024K, 13 young (13312K), 3 survivors (3072K)
 Metaspace       used 16795K, committed 17088K, reserved 1114112K
  class space    used 1776K, committed 1920K, reserved 1048576K

Heap Regions: E=young(eden), S=young(survivor), O=old, HS=humongous(starts), HC=humongous(continues), CS=collection set, F=free, TAMS=top-at-mark-start, PB=parsable bottom
|   0|0x0000000081800000, 0x0000000081900000, 0x0000000081900000|100%|HS|  |TAMS 0x0000000081800000| PB 0x0000000081800000| Complete 
|   1|0x0000000081900000, 0x0000000081a00000, 0x0000000081a00000|100%|HC|  |TAMS 0x0000000081900000| PB 0x0000000081900000| Complete 
|   2|0x0000000081a00000, 0x0000000081b00000, 0x0000000081b00000|100%|HC|  |TAMS 0x0000000081a00000| PB 0x0000000081a00000| Complete 
|   3|0x0000000081b00000, 0x0000000081c00000, 0x0000000081c00000|100%|HC|  |TAMS 0x0000000081b00000| PB 0x0000000081b00000| Complete 
|   4|0x0000000081c00000, 0x0000000081d00000, 0x0000000081d00000|100%| O|  |TAMS 0x0000000081c00000| PB 0x0000000081c00000| Untracked 
|   5|0x0000000081d00000, 0x0000000081d65ef0, 0x0000000081e00000| 39%| O|  |TAMS 0x0000000081d00000| PB 0x0000000081d00000| Untracked 
|   6|0x0000000081e00000, 0x0000000081e00000, 0x0000000081f00000|  0%| F|  |TAMS 0x0000000081e00000| PB 0x0000000081e00000| Untracked 
|   7|0x0000000081f00000, 0x0000000081f00000, 0x0000000082000000|  0%| F|  |TAMS 0x0000000081f00000| PB 0x0000000081f00000| Untracked 
|   8|0x0000000082000000, 0x0000000082000000, 0x0000000082100000|  0%| F|  |TAMS 0x0000000082000000| PB 0x0000000082000000| Untracked 
|   9|0x0000000082100000, 0x0000000082100000, 0x0000000082200000|  0%| F|  |TAMS 0x0000000082100000| PB 0x0000000082100000| Untracked 
|  10|0x0000000082200000, 0x0000000082200000, 0x0000000082300000|  0%| F|  |TAMS 0x0000000082200000| PB 0x0000000082200000| Untracked 
|  11|0x0000000082300000, 0x0000000082300000, 0x0000000082400000|  0%| F|  |TAMS 0x0000000082300000| PB 0x0000000082300000| Untracked 
|  12|0x0000000082400000, 0x0000000082400000, 0x0000000082500000|  0%| F|  |TAMS 0x0000000082400000| PB 0x0000000082400000| Untracked 
|  13|0x0000000082500000, 0x0000000082500000, 0x0000000082600000|  0%| F|  |TAMS 0x0000000082500000| PB 0x0000000082500000| Untracked 
|  14|0x0000000082600000, 0x0000000082600000, 0x0000000082700000|  0%| F|  |TAMS 0x0000000082600000| PB 0x0000000082600000| Untracked 
|  15|0x0000000082700000, 0x0000000082700000, 0x0000000082800000|  0%| F|  |TAMS 0x0000000082700000| PB 0x0000000082700000| Untracked 
|  16|0x0000000082800000, 0x0000000082800000, 0x0000000082900000|  0%| F|  |TAMS 0x0000000082800000| PB 0x0000000082800000| Untracked 
|  17|0x0000000082900000, 0x0000000082900000, 0x0000000082a00000|  0%| F|  |TAMS 0x0000000082900000| PB 0x0000000082900000| Untracked 
|  18|0x0000000082a00000, 0x0000000082a00000, 0x0000000082b00000|  0%| F|  |TAMS 0x0000000082a00000| PB 0x0000000082a00000| Untracked 
|  19|0x0000000082b00000, 0x0000000082b00000, 0x0000000082c00000|  0%| F|  |TAMS 0x0000000082b00000| PB 0x0000000082b00000| Untracked 
|  20|0x0000000082c00000, 0x0000000082c00000, 0x0000000082d00000|  0%| F|  |TAMS 0x0000000082c00000| PB 0x0000000082c00000| Untracked 
|  21|0x0000000082d00000, 0x0000000082d00000, 0x0000000082e00000|  0%| F|  |TAMS 0x0000000082d00000| PB 0x0000000082d00000| Untracked 
|  22|0x0000000082e00000, 0x0000000082e00000, 0x0000000082f00000|  0%| F|  |TAMS 0x0000000082e00000| PB 0x0000000082e00000| Untracked 
|  23|0x0000000082f00000, 0x0000000082f00000, 0x0000000083000000|  0%| F|  |TAMS 0x0000000082f00000| PB 0x0000000082f00000| Untracked 
|  24|0x0000000083000000, 0x0000000083000000, 0x0000000083100000|  0%| F|  |TAMS 0x0000000083000000| PB 0x0000000083000000| Untracked 
|  25|0x0000000083100000, 0x0000000083100000, 0x0000000083200000|  0%| F|  |TAMS 0x0000000083100000| PB 0x0000000083100000| Untracked 
|  26|0x0000000083200000, 0x0000000083200000, 0x0000000083300000|  0%| F|  |TAMS 0x0000000083200000| PB 0x0000000083200000| Untracked 
|  27|0x0000000083300000, 0x0000000083300000, 0x0000000083400000|  0%| F|  |TAMS 0x0000000083300000| PB 0x0000000083300000| Untracked 
|  28|0x0000000083400000, 0x0000000083400000, 0x0000000083500000|  0%| F|  |TAMS 0x0000000083400000| PB 0x0000000083400000| Untracked 
|  29|0x0000000083500000, 0x0000000083500000, 0x0000000083600000|  0%| F|  |TAMS 0x0000000083500000| PB 0x0000000083500000| Untracked 
|  30|0x0000000083600000, 0x0000000083600000, 0x0000000083700000|  0%| F|  |TAMS 0x0000000083600000| PB 0x0000000083600000| Untracked 
|  31|0x0000000083700000, 0x0000000083700000, 0x0000000083800000|  0%| F|  |TAMS 0x0000000083700000| PB 0x0000000083700000| Untracked 
|  32|0x0000000083800000, 0x0000000083800000, 0x0000000083900000|  0%| F|  |TAMS 0x0000000083800000| PB 0x0000000083800000| Untracked 
|  33|0x0000000083900000, 0x0000000083900000, 0x0000000083a00000|  0%| F|  |TAMS 0x0000000083900000| PB 0x0000000083900000| Untracked 
|  34|0x0000000083a00000, 0x0000000083a00000, 0x0000000083b00000|  0%| F|  |TAMS 0x0000000083a00000| PB 0x0000000083a00000| Untracked 
|  35|0x0000000083b00000, 0x0000000083b00000, 0x0000000083c00000|  0%| F|  |TAMS 0x0000000083b00000| PB 0x0000000083b00000| Untracked 
|  36|0x0000000083c00000, 0x0000000083c00000, 0x0000000083d00000|  0%| F|  |TAMS 0x0000000083c00000| PB 0x0000000083c00000| Untracked 
|  37|0x0000000083d00000, 0x0000000083d00000, 0x0000000083e00000|  0%| F|  |TAMS 0x0000000083d00000| PB 0x0000000083d00000| Untracked 
|  38|0x0000000083e00000, 0x0000000083e00000, 0x0000000083f00000|  0%| F|  |TAMS 0x0000000083e00000| PB 0x0000000083e00000| Untracked 
|  39|0x0000000083f00000, 0x0000000083f00000, 0x0000000084000000|  0%| F|  |TAMS 0x0000000083f00000| PB 0x0000000083f00000| Untracked 
|  40|0x0000000084000000, 0x0000000084000000, 0x0000000084100000|  0%| F|  |TAMS 0x0000000084000000| PB 0x0000000084000000| Untracked 
|  41|0x0000000084100000, 0x0000000084100000, 0x0000000084200000|  0%| F|  |TAMS 0x0000000084100000| PB 0x0000000084100000| Untracked 
|  42|0x0000000084200000, 0x0000000084200000, 0x0000000084300000|  0%| F|  |TAMS 0x0000000084200000| PB 0x0000000084200000| Untracked 
|  43|0x0000000084300000, 0x0000000084300000, 0x0000000084400000|  0%| F|  |TAMS 0x0000000084300000| PB 0x0000000084300000| Untracked 
|  44|0x0000000084400000, 0x0000000084400000, 0x0000000084500000|  0%| F|  |TAMS 0x0000000084400000| PB 0x0000000084400000| Untracked 
|  45|0x0000000084500000, 0x0000000084500000, 0x0000000084600000|  0%| F|  |TAMS 0x0000000084500000| PB 0x0000000084500000| Untracked 
|  46|0x0000000084600000, 0x0000000084600000, 0x0000000084700000|  0%| F|  |TAMS 0x0000000084600000| PB 0x0000000084600000| Untracked 
|  47|0x0000000084700000, 0x0000000084700000, 0x0000000084800000|  0%| F|  |TAMS 0x0000000084700000| PB 0x0000000084700000| Untracked 
|  48|0x0000000084800000, 0x0000000084800000, 0x0000000084900000|  0%| F|  |TAMS 0x0000000084800000| PB 0x0000000084800000| Untracked 
|  49|0x0000000084900000, 0x0000000084900000, 0x0000000084a00000|  0%| F|  |TAMS 0x0000000084900000| PB 0x0000000084900000| Untracked 
|  50|0x0000000084a00000, 0x0000000084a00000, 0x0000000084b00000|  0%| F|  |TAMS 0x0000000084a00000| PB 0x0000000084a00000| Untracked 
|  51|0x0000000084b00000, 0x0000000084b00000, 0x0000000084c00000|  0%| F|  |TAMS 0x0000000084b00000| PB 0x0000000084b00000| Untracked 
|  52|0x0000000084c00000, 0x0000000084c00000, 0x0000000084d00000|  0%| F|  |TAMS 0x0000000084c00000| PB 0x0000000084c00000| Untracked 
|  53|0x0000000084d00000, 0x0000000084d00000, 0x0000000084e00000|  0%| F|  |TAMS 0x0000000084d00000| PB 0x0000000084d00000| Untracked 
|  54|0x0000000084e00000, 0x0000000084e00000, 0x0000000084f00000|  0%| F|  |TAMS 0x0000000084e00000| PB 0x0000000084e00000| Untracked 
|  55|0x0000000084f00000, 0x0000000084f00000, 0x0000000085000000|  0%| F|  |TAMS 0x0000000084f00000| PB 0x0000000084f00000| Untracked 
|  56|0x0000000085000000, 0x0000000085000000, 0x0000000085100000|  0%| F|  |TAMS 0x0000000085000000| PB 0x0000000085000000| Untracked 
|  57|0x0000000085100000, 0x0000000085100000, 0x0000000085200000|  0%| F|  |TAMS 0x0000000085100000| PB 0x0000000085100000| Untracked 
|  58|0x0000000085200000, 0x0000000085200000, 0x0000000085300000|  0%| F|  |TAMS 0x0000000085200000| PB 0x0000000085200000| Untracked 
|  59|0x0000000085300000, 0x0000000085300000, 0x0000000085400000|  0%| F|  |TAMS 0x0000000085300000| PB 0x0000000085300000| Untracked 
|  60|0x0000000085400000, 0x0000000085400000, 0x0000000085500000|  0%| F|  |TAMS 0x0000000085400000| PB 0x0000000085400000| Untracked 
|  61|0x0000000085500000, 0x0000000085500000, 0x0000000085600000|  0%| F|  |TAMS 0x0000000085500000| PB 0x0000000085500000| Untracked 
|  62|0x0000000085600000, 0x0000000085600000, 0x0000000085700000|  0%| F|  |TAMS 0x0000000085600000| PB 0x0000000085600000| Untracked 
|  63|0x0000000085700000, 0x0000000085700000, 0x0000000085800000|  0%| F|  |TAMS 0x0000000085700000| PB 0x0000000085700000| Untracked 
|  64|0x0000000085800000, 0x0000000085800000, 0x0000000085900000|  0%| F|  |TAMS 0x0000000085800000| PB 0x0000000085800000| Untracked 
|  65|0x0000000085900000, 0x0000000085900000, 0x0000000085a00000|  0%| F|  |TAMS 0x0000000085900000| PB 0x0000000085900000| Untracked 
|  66|0x0000000085a00000, 0x0000000085a00000, 0x0000000085b00000|  0%| F|  |TAMS 0x0000000085a00000| PB 0x0000000085a00000| Untracked 
|  67|0x0000000085b00000, 0x0000000085b00000, 0x0000000085c00000|  0%| F|  |TAMS 0x0000000085b00000| PB 0x0000000085b00000| Untracked 
|  68|0x0000000085c00000, 0x0000000085c00000, 0x0000000085d00000|  0%| F|  |TAMS 0x0000000085c00000| PB 0x0000000085c00000| Untracked 
|  69|0x0000000085d00000, 0x0000000085d00000, 0x0000000085e00000|  0%| F|  |TAMS 0x0000000085d00000| PB 0x0000000085d00000| Untracked 
|  70|0x0000000085e00000, 0x0000000085e00000, 0x0000000085f00000|  0%| F|  |TAMS 0x0000000085e00000| PB 0x0000000085e00000| Untracked 
|  71|0x0000000085f00000, 0x0000000085f00000, 0x0000000086000000|  0%| F|  |TAMS 0x0000000085f00000| PB 0x0000000085f00000| Untracked 
|  72|0x0000000086000000, 0x0000000086000000, 0x0000000086100000|  0%| F|  |TAMS 0x0000000086000000| PB 0x0000000086000000| Untracked 
|  73|0x0000000086100000, 0x0000000086100000, 0x0000000086200000|  0%| F|  |TAMS 0x0000000086100000| PB 0x0000000086100000| Untracked 
|  74|0x0000000086200000, 0x0000000086200000, 0x0000000086300000|  0%| F|  |TAMS 0x0000000086200000| PB 0x0000000086200000| Untracked 
|  75|0x0000000086300000, 0x0000000086300000, 0x0000000086400000|  0%| F|  |TAMS 0x0000000086300000| PB 0x0000000086300000| Untracked 
|  76|0x0000000086400000, 0x0000000086400000, 0x0000000086500000|  0%| F|  |TAMS 0x0000000086400000| PB 0x0000000086400000| Untracked 
|  77|0x0000000086500000, 0x0000000086500000, 0x0000000086600000|  0%| F|  |TAMS 0x0000000086500000| PB 0x0000000086500000| Untracked 
|  78|0x0000000086600000, 0x0000000086600000, 0x0000000086700000|  0%| F|  |TAMS 0x0000000086600000| PB 0x0000000086600000| Untracked 
|  79|0x0000000086700000, 0x0000000086700000, 0x0000000086800000|  0%| F|  |TAMS 0x0000000086700000| PB 0x0000000086700000| Untracked 
|  80|0x0000000086800000, 0x0000000086800000, 0x0000000086900000|  0%| F|  |TAMS 0x0000000086800000| PB 0x0000000086800000| Untracked 
|  81|0x0000000086900000, 0x0000000086900000, 0x0000000086a00000|  0%| F|  |TAMS 0x0000000086900000| PB 0x0000000086900000| Untracked 
|  82|0x0000000086a00000, 0x0000000086a00000, 0x0000000086b00000|  0%| F|  |TAMS 0x0000000086a00000| PB 0x0000000086a00000| Untracked 
|  83|0x0000000086b00000, 0x0000000086b00000, 0x0000000086c00000|  0%| F|  |TAMS 0x0000000086b00000| PB 0x0000000086b00000| Untracked 
|  84|0x0000000086c00000, 0x0000000086c00000, 0x0000000086d00000|  0%| F|  |TAMS 0x0000000086c00000| PB 0x0000000086c00000| Untracked 
|  85|0x0000000086d00000, 0x0000000086d00000, 0x0000000086e00000|  0%| F|  |TAMS 0x0000000086d00000| PB 0x0000000086d00000| Untracked 
|  86|0x0000000086e00000, 0x0000000086e00000, 0x0000000086f00000|  0%| F|  |TAMS 0x0000000086e00000| PB 0x0000000086e00000| Untracked 
|  87|0x0000000086f00000, 0x0000000086f00000, 0x0000000087000000|  0%| F|  |TAMS 0x0000000086f00000| PB 0x0000000086f00000| Untracked 
|  88|0x0000000087000000, 0x0000000087000000, 0x0000000087100000|  0%| F|  |TAMS 0x0000000087000000| PB 0x0000000087000000| Untracked 
|  89|0x0000000087100000, 0x0000000087100000, 0x0000000087200000|  0%| F|  |TAMS 0x0000000087100000| PB 0x0000000087100000| Untracked 
|  90|0x0000000087200000, 0x0000000087200000, 0x0000000087300000|  0%| F|  |TAMS 0x0000000087200000| PB 0x0000000087200000| Untracked 
|  91|0x0000000087300000, 0x0000000087300000, 0x0000000087400000|  0%| F|  |TAMS 0x0000000087300000| PB 0x0000000087300000| Untracked 
|  92|0x0000000087400000, 0x0000000087400000, 0x0000000087500000|  0%| F|  |TAMS 0x0000000087400000| PB 0x0000000087400000| Untracked 
|  93|0x0000000087500000, 0x0000000087500000, 0x0000000087600000|  0%| F|  |TAMS 0x0000000087500000| PB 0x0000000087500000| Untracked 
|  94|0x0000000087600000, 0x0000000087600000, 0x0000000087700000|  0%| F|  |TAMS 0x0000000087600000| PB 0x0000000087600000| Untracked 
|  95|0x0000000087700000, 0x0000000087700000, 0x0000000087800000|  0%| F|  |TAMS 0x0000000087700000| PB 0x0000000087700000| Untracked 
|  96|0x0000000087800000, 0x0000000087800000, 0x0000000087900000|  0%| F|  |TAMS 0x0000000087800000| PB 0x0000000087800000| Untracked 
|  97|0x0000000087900000, 0x0000000087900000, 0x0000000087a00000|  0%| F|  |TAMS 0x0000000087900000| PB 0x0000000087900000| Untracked 
|  98|0x0000000087a00000, 0x0000000087a00000, 0x0000000087b00000|  0%| F|  |TAMS 0x0000000087a00000| PB 0x0000000087a00000| Untracked 
|  99|0x0000000087b00000, 0x0000000087b00000, 0x0000000087c00000|  0%| F|  |TAMS 0x0000000087b00000| PB 0x0000000087b00000| Untracked 
| 100|0x0000000087c00000, 0x0000000087c00000, 0x0000000087d00000|  0%| F|  |TAMS 0x0000000087c00000| PB 0x0000000087c00000| Untracked 
| 101|0x0000000087d00000, 0x0000000087d00000, 0x0000000087e00000|  0%| F|  |TAMS 0x0000000087d00000| PB 0x0000000087d00000| Untracked 
| 102|0x0000000087e00000, 0x0000000087f00000, 0x0000000087f00000|100%| S|CS|TAMS 0x0000000087e00000| PB 0x0000000087e00000| Complete 
| 103|0x0000000087f00000, 0x0000000088000000, 0x0000000088000000|100%| S|CS|TAMS 0x0000000087f00000| PB 0x0000000087f00000| Complete 
| 104|0x0000000088000000, 0x0000000088100000, 0x0000000088100000|100%| S|CS|TAMS 0x0000000088000000| PB 0x0000000088000000| Complete 
| 105|0x0000000088100000, 0x0000000088100000, 0x0000000088200000|  0%| F|  |TAMS 0x0000000088100000| PB 0x0000000088100000| Untracked 
| 106|0x0000000088200000, 0x0000000088200000, 0x0000000088300000|  0%| F|  |TAMS 0x0000000088200000| PB 0x0000000088200000| Untracked 
| 107|0x0000000088300000, 0x0000000088300000, 0x0000000088400000|  0%| F|  |TAMS 0x0000000088300000| PB 0x0000000088300000| Untracked 
| 108|0x0000000088400000, 0x0000000088400000, 0x0000000088500000|  0%| F|  |TAMS 0x0000000088400000| PB 0x0000000088400000| Untracked 
| 109|0x0000000088500000, 0x0000000088500000, 0x0000000088600000|  0%| F|  |TAMS 0x0000000088500000| PB 0x0000000088500000| Untracked 
| 110|0x0000000088600000, 0x0000000088600000, 0x0000000088700000|  0%| F|  |TAMS 0x0000000088600000| PB 0x0000000088600000| Untracked 
| 111|0x0000000088700000, 0x0000000088700000, 0x0000000088800000|  0%| F|  |TAMS 0x0000000088700000| PB 0x0000000088700000| Untracked 
| 112|0x0000000088800000, 0x0000000088800000, 0x0000000088900000|  0%| F|  |TAMS 0x0000000088800000| PB 0x0000000088800000| Untracked 
| 113|0x0000000088900000, 0x0000000088900000, 0x0000000088a00000|  0%| F|  |TAMS 0x0000000088900000| PB 0x0000000088900000| Untracked 
| 114|0x0000000088a00000, 0x0000000088a00000, 0x0000000088b00000|  0%| F|  |TAMS 0x0000000088a00000| PB 0x0000000088a00000| Untracked 
| 115|0x0000000088b00000, 0x0000000088b00000, 0x0000000088c00000|  0%| F|  |TAMS 0x0000000088b00000| PB 0x0000000088b00000| Untracked 
| 116|0x0000000088c00000, 0x0000000088c00000, 0x0000000088d00000|  0%| F|  |TAMS 0x0000000088c00000| PB 0x0000000088c00000| Untracked 
| 117|0x0000000088d00000, 0x0000000088d00000, 0x0000000088e00000|  0%| F|  |TAMS 0x0000000088d00000| PB 0x0000000088d00000| Untracked 
| 118|0x0000000088e00000, 0x0000000088e33b50, 0x0000000088f00000| 20%| E|  |TAMS 0x0000000088e00000| PB 0x0000000088e00000| Complete 
| 119|0x0000000088f00000, 0x0000000089000000, 0x0000000089000000|100%| E|CS|TAMS 0x0000000088f00000| PB 0x0000000088f00000| Complete 
| 120|0x0000000089000000, 0x0000000089100000, 0x0000000089100000|100%| E|CS|TAMS 0x0000000089000000| PB 0x0000000089000000| Complete 
| 121|0x0000000089100000, 0x0000000089200000, 0x0000000089200000|100%| E|CS|TAMS 0x0000000089100000| PB 0x0000000089100000| Complete 
| 122|0x0000000089200000, 0x0000000089300000, 0x0000000089300000|100%| E|CS|TAMS 0x0000000089200000| PB 0x0000000089200000| Complete 
| 123|0x0000000089300000, 0x0000000089400000, 0x0000000089400000|100%| E|CS|TAMS 0x0000000089300000| PB 0x0000000089300000| Complete 
| 124|0x0000000089400000, 0x0000000089500000, 0x0000000089500000|100%| E|CS|TAMS 0x0000000089400000| PB 0x0000000089400000| Complete 
| 125|0x0000000089500000, 0x0000000089600000, 0x0000000089600000|100%| E|CS|TAMS 0x0000000089500000| PB 0x0000000089500000| Complete 
| 126|0x0000000089600000, 0x0000000089700000, 0x0000000089700000|100%| E|CS|TAMS 0x0000000089600000| PB 0x0000000089600000| Complete 
| 127|0x0000000089700000, 0x0000000089800000, 0x0000000089800000|100%| E|CS|TAMS 0x0000000089700000| PB 0x0000000089700000| Complete 

Card table byte_map: [0x0000022217f20000,0x0000022218320000] _byte_map_base: 0x0000022217b14000

Marking Bits: (CMBitMap*) 0x000002227fc11600
 Bits: [0x0000022218320000, 0x000002221a2c0000)

Polling page: 0x000002227e2e0000

Metaspace:

Usage:
  Non-class:     14.67 MB used.
      Class:      1.73 MB used.
       Both:     16.40 MB used.

Virtual space:
  Non-class space:       64.00 MB reserved,      14.81 MB ( 23%) committed,  1 nodes.
      Class space:        1.00 GB reserved,       1.88 MB ( <1%) committed,  1 nodes.
             Both:        1.06 GB reserved,      16.69 MB (  2%) committed. 

Chunk freelists:
   Non-Class:  560.00 KB
       Class:  14.14 MB
        Both:  14.69 MB

MaxMetaspaceSize: unlimited
CompressedClassSpaceSize: 1.00 GB
Initial GC threshold: 21.00 MB
Current GC threshold: 21.00 MB
CDS: on
 - commit_granule_bytes: 65536.
 - commit_granule_words: 8192.
 - virtual_space_node_default_size: 8388608.
 - enlarge_chunks_in_place: 1.
 - use_allocation_guard: 0.


Internal statistics:

num_allocs_failed_limit: 0.
num_arena_births: 216.
num_arena_deaths: 0.
num_vsnodes_births: 2.
num_vsnodes_deaths: 0.
num_space_committed: 267.
num_space_uncommitted: 0.
num_chunks_returned_to_freelist: 0.
num_chunks_taken_from_freelist: 423.
num_chunk_merges: 0.
num_chunk_splits: 253.
num_chunks_enlarged: 132.
num_inconsistent_stats: 0.

CodeHeap 'non-profiled nmethods': size=120000Kb used=944Kb max_used=944Kb free=119056Kb
 bounds [0x000002220fe70000, 0x00000222100e0000, 0x00000222173a0000]
CodeHeap 'profiled nmethods': size=120000Kb used=4309Kb max_used=4309Kb free=115690Kb
 bounds [0x00000222083a0000, 0x00000222087e0000, 0x000002220f8d0000]
CodeHeap 'non-nmethods': size=5760Kb used=1702Kb max_used=1748Kb free=4057Kb
 bounds [0x000002220f8d0000, 0x000002220fb40000, 0x000002220fe70000]
 total_blobs=3088 nmethods=2354 adapters=638
 compilation: enabled
              stopped_count=0, restarted_count=0
 full_count=0

Compilation events (20 events):
Event: 112767.897 Thread 0x000002221cd4e810 nmethod 2345 0x000002220ff52910 code [0x000002220ff52ac0, 0x000002220ff52d18]
Event: 115563.105 Thread 0x000002221cd4e810 2346       4       java.util.concurrent.locks.ReentrantLock$NonfairSync::tryAcquire (27 bytes)
Event: 115563.130 Thread 0x000002221cd4e810 nmethod 2346 0x000002220ff52f10 code [0x000002220ff530a0, 0x000002220ff53240]
Event: 115603.185 Thread 0x000002221cd4e810 2347   !   4       java.util.concurrent.locks.LockSupport::parkNanos (56 bytes)
Event: 115603.194 Thread 0x000002221cd4e810 nmethod 2347 0x000002220ff53290 code [0x000002220ff53440, 0x000002220ff536f0]
Event: 115853.541 Thread 0x000002221cd4e810 2348       4       java.util.concurrent.locks.AbstractQueuedSynchronizer$Node::clearStatus (12 bytes)
Event: 115853.542 Thread 0x000002221cd4e810 nmethod 2348 0x000002220ff53810 code [0x000002220ff539a0, 0x000002220ff53a30]
Event: 115878.570 Thread 0x000002221cd4e810 2349   !   4       java.util.concurrent.locks.AbstractQueuedSynchronizer$ConditionObject::newConditionNode (78 bytes)
Event: 115878.610 Thread 0x000002221cd4e810 nmethod 2349 0x000002220ff53b10 code [0x000002220ff53d00, 0x000002220ff54200]
Event: 116739.887 Thread 0x000002221cd4e810 2350   !   4       java.util.concurrent.locks.AbstractQueuedSynchronizer::acquire (424 bytes)
Event: 116739.928 Thread 0x000002221cd4e810 nmethod 2350 0x000002220ff54490 code [0x000002220ff546e0, 0x000002220ff556e8]
Event: 116789.980 Thread 0x000002221cd4e810 2351       4       java.util.concurrent.locks.AbstractQueuedSynchronizer$ConditionObject::enableWait (84 bytes)
Event: 116790.002 Thread 0x000002221cd4e810 nmethod 2351 0x000002220ff55c90 code [0x000002220ff55e80, 0x000002220ff56570]
Event: 117382.811 Thread 0x000002221cd4e810 2352       4       java.io.WinNTFileSystem::resolve (326 bytes)
Event: 117382.845 Thread 0x000002221cd4e810 nmethod 2352 0x000002220ff56890 code [0x000002220ff56ac0, 0x000002220ff57578]
Event: 117698.279 Thread 0x000002221cd4e810 2353       4       java.util.concurrent.locks.AbstractQueuedSynchronizer$ConditionObject::unlinkCancelledWaiters (91 bytes)
Event: 117698.288 Thread 0x000002221cd4e810 nmethod 2353 0x000002220ff57d90 code [0x000002220ff57f20, 0x000002220ff58228]
Event: 117888.591 Thread 0x000002221cd4e810 2354   !   4       java.lang.ref.ReferenceQueue::remove (61 bytes)
Event: 117888.700 Thread 0x000002221cd4e810 nmethod 2354 0x000002220ff58390 code [0x000002220ff58720, 0x000002220ff5ac20]
Event: 179183.782 Thread 0x000002221cd4e810 2355   !   4       java.net.URL::<init> (543 bytes)

GC Heap History (2 events):
Event: 23.287 GC heap before
{Heap before GC invocations=0 (full 0):
 garbage-first heap   total 131072K, used 27648K [0x0000000081800000, 0x0000000100000000)
  region size 1024K, 23 young (23552K), 0 survivors (0K)
 Metaspace       used 10702K, committed 10944K, reserved 1114112K
  class space    used 1065K, committed 1152K, reserved 1048576K
}
Event: 23.294 GC heap after
{Heap after GC invocations=1 (full 0):
 garbage-first heap   total 131072K, used 8599K [0x0000000081800000, 0x0000000100000000)
  region size 1024K, 3 young (3072K), 3 survivors (3072K)
 Metaspace       used 10702K, committed 10944K, reserved 1114112K
  class space    used 1065K, committed 1152K, reserved 1048576K
}

Dll operation events (11 events):
Event: 0.020 Loaded shared library C:\Program Files\Java\jdk-21\bin\java.dll
Event: 0.066 Loaded shared library C:\Program Files\Java\jdk-21\bin\jsvml.dll
Event: 0.105 Loaded shared library C:\Program Files\Java\jdk-21\bin\jimage.dll
Event: 0.113 Loaded shared library C:\Program Files\Java\jdk-21\bin\net.dll
Event: 0.118 Loaded shared library C:\Program Files\Java\jdk-21\bin\nio.dll
Event: 0.128 Loaded shared library C:\Program Files\Java\jdk-21\bin\zip.dll
Event: 0.232 Loaded shared library C:\Program Files\Java\jdk-21\bin\awt.dll
Event: 0.784 Loaded shared library C:\Program Files\Java\jdk-21\bin\freetype.dll
Event: 0.793 Loaded shared library C:\Program Files\Java\jdk-21\bin\fontmanager.dll
Event: 23.250 Loaded shared library C:\Program Files\Java\jdk-21\bin\extnet.dll
Event: 23.600 Loaded shared library C:\Program Files\Java\jdk-21\bin\sunmscapi.dll

Deoptimization events (20 events):
Event: 23.473 Thread 0x00000222623b5300 Uncommon trap: trap_request=0xffffffc6 fr.pc=0x000002220fee4e0c relative=0x000000000000032c
Event: 23.473 Thread 0x00000222623b5300 Uncommon trap: reason=bimorphic_or_optimized_type_check action=maybe_recompile pc=0x000002220fee4e0c method=java.util.concurrent.ConcurrentHashMap.get(Ljava/lang/Object;)Ljava/lang/Object; @ 149 c2
Event: 23.473 Thread 0x00000222623b5300 DEOPT PACKING pc=0x000002220fee4e0c sp=0x000000a370cfab10
Event: 23.473 Thread 0x00000222623b5300 DEOPT UNPACKING pc=0x000002220f9246a2 sp=0x000000a370cfaa80 mode 2
Event: 23.486 Thread 0x00000222623b5300 Uncommon trap: trap_request=0xffffffc6 fr.pc=0x000002220fee4e0c relative=0x000000000000032c
Event: 23.486 Thread 0x00000222623b5300 Uncommon trap: reason=bimorphic_or_optimized_type_check action=maybe_recompile pc=0x000002220fee4e0c method=java.util.concurrent.ConcurrentHashMap.get(Ljava/lang/Object;)Ljava/lang/Object; @ 149 c2
Event: 23.486 Thread 0x00000222623b5300 DEOPT PACKING pc=0x000002220fee4e0c sp=0x000000a370cfb7a0
Event: 23.486 Thread 0x00000222623b5300 DEOPT UNPACKING pc=0x000002220f9246a2 sp=0x000000a370cfb710 mode 2
Event: 23.488 Thread 0x00000222623b5300 Uncommon trap: trap_request=0xffffffc6 fr.pc=0x000002220fee4e0c relative=0x000000000000032c
Event: 23.488 Thread 0x00000222623b5300 Uncommon trap: reason=bimorphic_or_optimized_type_check action=maybe_recompile pc=0x000002220fee4e0c method=java.util.concurrent.ConcurrentHashMap.get(Ljava/lang/Object;)Ljava/lang/Object; @ 149 c2
Event: 23.488 Thread 0x00000222623b5300 DEOPT PACKING pc=0x000002220fee4e0c sp=0x000000a370cfb430
Event: 23.488 Thread 0x00000222623b5300 DEOPT UNPACKING pc=0x000002220f9246a2 sp=0x000000a370cfb3a0 mode 2
Event: 23.608 Thread 0x00000222623b5300 Uncommon trap: trap_request=0xffffff45 fr.pc=0x000002220fee77dc relative=0x000000000000031c
Event: 23.608 Thread 0x00000222623b5300 Uncommon trap: reason=unstable_if action=reinterpret pc=0x000002220fee77dc method=java.util.HashMap.putVal(ILjava/lang/Object;Ljava/lang/Object;ZZ)Ljava/lang/Object; @ 162 c2
Event: 23.608 Thread 0x00000222623b5300 DEOPT PACKING pc=0x000002220fee77dc sp=0x000000a370cfb170
Event: 23.608 Thread 0x00000222623b5300 DEOPT UNPACKING pc=0x000002220f9246a2 sp=0x000000a370cfb0a8 mode 2
Event: 23.796 Thread 0x00000222623b5300 Uncommon trap: trap_request=0xffffff45 fr.pc=0x000002220feb2814 relative=0x00000000000002f4
Event: 23.796 Thread 0x00000222623b5300 Uncommon trap: reason=unstable_if action=reinterpret pc=0x000002220feb2814 method=java.nio.Buffer.<init>(IIIILjava/lang/foreign/MemorySegment;)V @ 50 c2
Event: 23.796 Thread 0x00000222623b5300 DEOPT PACKING pc=0x000002220feb2814 sp=0x000000a370cfd520
Event: 23.796 Thread 0x00000222623b5300 DEOPT UNPACKING pc=0x000002220f9246a2 sp=0x000000a370cfd458 mode 2

Classes loaded (20 events):
Event: 23.862 Loading class sun/security/ssl/NewSessionTicket$T13NewSessionTicketMessage
Event: 23.862 Loading class sun/security/ssl/NewSessionTicket$NewSessionTicketMessage
Event: 23.862 Loading class sun/security/ssl/NewSessionTicket$NewSessionTicketMessage done
Event: 23.862 Loading class sun/security/ssl/NewSessionTicket$T13NewSessionTicketMessage done
Event: 23.894 Loading class java/util/TimerTask
Event: 23.894 Loading class java/util/TimerTask done
Event: 23.912 Loading class java/util/NoSuchElementException
Event: 23.912 Loading class java/util/NoSuchElementException done
Event: 23.944 Loading class java/lang/StringIndexOutOfBoundsException
Event: 23.944 Loading class java/lang/StringIndexOutOfBoundsException done
Event: 23.945 Loading class java/util/concurrent/atomic/AtomicReferenceFieldUpdater
Event: 23.945 Loading class java/util/concurrent/atomic/AtomicReferenceFieldUpdater done
Event: 23.945 Loading class java/util/concurrent/atomic/AtomicReferenceFieldUpdater$AtomicReferenceFieldUpdaterImpl
Event: 23.945 Loading class java/util/concurrent/atomic/AtomicReferenceFieldUpdater$AtomicReferenceFieldUpdaterImpl done
Event: 23.945 Loading class java/util/concurrent/atomic/AtomicReferenceFieldUpdater$AtomicReferenceFieldUpdaterImpl$1
Event: 23.946 Loading class java/util/concurrent/atomic/AtomicReferenceFieldUpdater$AtomicReferenceFieldUpdaterImpl$1 done
Event: 1597.318 Loading class java/awt/desktop/SystemSleepListener
Event: 1597.325 Loading class java/awt/desktop/SystemEventListener
Event: 1597.325 Loading class java/awt/desktop/SystemEventListener done
Event: 1597.325 Loading class java/awt/desktop/SystemSleepListener done

Classes unloaded (0 events):
No events

Classes redefined (0 events):
No events

Internal exceptions (20 events):
Event: 0.550 Thread 0x000002227fbc5920 Exception <a 'java/lang/NoSuchMethodError'{0x0000000089330610}: 'java.lang.Object java.lang.invoke.DirectMethodHandle$Holder.newInvokeSpecial(java.lang.Object, java.lang.Object, java.lang.Object, java.lang.Object, java.lang.Object)'> (0x0000000089330610) 
thrown [s\open\src\hotspot\share\interpreter\linkResolver.cpp, line 773]
Event: 0.563 Thread 0x000002227fbc5920 Exception <a 'java/lang/NoSuchMethodError'{0x000000008935c198}: 'java.lang.Object java.lang.invoke.DirectMethodHandle$Holder.invokeStatic(java.lang.Object, int, java.lang.Object)'> (0x000000008935c198) 
thrown [s\open\src\hotspot\share\interpreter\linkResolver.cpp, line 773]
Event: 0.611 Thread 0x000002227fbc5920 Exception <a 'java/lang/ClassNotFoundException'{0x00000000893fbbb8}: com/sun/swing/internal/plaf/metal/resources/spi/metalProvider> (0x00000000893fbbb8) 
thrown [s\open\src\hotspot\share\classfile\systemDictionary.cpp, line 312]
Event: 0.612 Thread 0x000002227fbc5920 Exception <a 'java/lang/ClassNotFoundException'{0x00000000893ffb48}: com/sun/swing/internal/plaf/basic/resources/spi/basicProvider> (0x00000000893ffb48) 
thrown [s\open\src\hotspot\share\classfile\systemDictionary.cpp, line 312]
Event: 0.634 Thread 0x000002227fbc5920 Exception <a 'java/lang/NoSuchMethodError'{0x000000008921f830}: 'int java.lang.invoke.Invokers$Holder.invokeExact_MT(java.lang.Object, java.lang.Object)'> (0x000000008921f830) 
thrown [s\open\src\hotspot\share\interpreter\linkResolver.cpp, line 773]
Event: 0.717 Thread 0x0000022262353230 Exception <a 'java/lang/NoSuchMethodError'{0x0000000089484fb8}: 'void java.lang.invoke.DirectMethodHandle$Holder.invokeVirtual(java.lang.Object, java.lang.Object)'> (0x0000000089484fb8) 
thrown [s\open\src\hotspot\share\interpreter\linkResolver.cpp, line 773]
Event: 0.763 Thread 0x000002227fbc5920 Exception <a 'java/lang/NoSuchMethodError'{0x000000008925b318}: 'void java.lang.invoke.DirectMethodHandle$Holder.invokeStaticInit(java.lang.Object)'> (0x000000008925b318) 
thrown [s\open\src\hotspot\share\interpreter\linkResolver.cpp, line 773]
Event: 1.046 Thread 0x00000222623b5300 Exception <a 'java/io/FileNotFoundException'{0x00000000892cf450}> (0x00000000892cf450) 
thrown [s\open\src\hotspot\share\prims\jni.cpp, line 520]
Event: 1.059 Thread 0x00000222623b5300 Exception <a 'java/io/FileNotFoundException'{0x00000000891ec968}> (0x00000000891ec968) 
thrown [s\open\src\hotspot\share\prims\jni.cpp, line 520]
Event: 1.420 Thread 0x00000222623b5300 Implicit null exception at 0x000002220feb070a to 0x000002220feb0794
Event: 22.979 Thread 0x00000222623b5300 Implicit null exception at 0x000002220fedfd49 to 0x000002220fedfec9
Event: 23.017 Thread 0x00000222623b5300 Exception <a 'java/lang/NoSuchMethodError'{0x000000008866bae8}: 'void java.lang.invoke.DirectMethodHandle$Holder.invokeStatic(java.lang.Object, java.lang.Object)'> (0x000000008866bae8) 
thrown [s\open\src\hotspot\share\interpreter\linkResolver.cpp, line 773]
Event: 23.076 Thread 0x00000222623b5300 Implicit null exception at 0x000002220fedcdc0 to 0x000002220fedcead
Event: 23.086 Thread 0x00000222623b5300 Exception <a 'java/lang/NoSuchMethodError'{0x00000000885996d8}: 'java.lang.Object java.lang.invoke.DirectMethodHandle$Holder.invokeInterface(java.lang.Object, java.lang.Object)'> (0x00000000885996d8) 
thrown [s\open\src\hotspot\share\interpreter\linkResolver.cpp, line 773]
Event: 23.120 Thread 0x00000222623b5300 Exception <a 'java/lang/NoSuchMethodError'{0x00000000884120f0}: 'void java.lang.invoke.DirectMethodHandle$Holder.invokeStatic(java.lang.Object, java.lang.Object, java.lang.Object)'> (0x00000000884120f0) 
thrown [s\open\src\hotspot\share\interpreter\linkResolver.cpp, line 773]
Event: 23.123 Thread 0x00000222623b5300 Exception <a 'java/lang/NoSuchMethodError'{0x000000008841b430}: 'java.lang.Object java.lang.invoke.DirectMethodHandle$Holder.invokeVirtual(java.lang.Object, java.lang.Object, java.lang.Object)'> (0x000000008841b430) 
thrown [s\open\src\hotspot\share\interpreter\linkResolver.cpp, line 773]
Event: 23.347 Thread 0x00000222623b5300 Exception <a 'java/lang/NoSuchMethodError'{0x00000000896b6668}: 'void java.lang.invoke.DirectMethodHandle$Holder.invokeStaticInit(java.lang.Object, java.lang.Object)'> (0x00000000896b6668) 
thrown [s\open\src\hotspot\share\interpreter\linkResolver.cpp, line 773]
Event: 23.441 Thread 0x00000222623b5300 Exception <a 'sun/nio/fs/WindowsException'{0x00000000895e8b00}> (0x00000000895e8b00) 
thrown [s\open\src\hotspot\share\prims\jni.cpp, line 520]
Event: 23.507 Thread 0x00000222623b5300 Exception <a 'java/lang/NoSuchMethodError'{0x0000000089495e00}: 'java.lang.Object java.lang.invoke.DirectMethodHandle$Holder.invokeStaticInit(java.lang.Object, int, int, int, int)'> (0x0000000089495e00) 
thrown [s\open\src\hotspot\share\interpreter\linkResolver.cpp, line 773]
Event: 23.532 Thread 0x00000222623b5300 Exception <a 'java/lang/NoSuchMethodError'{0x000000008932d588}: 'java.lang.Object java.lang.invoke.DirectMethodHandle$Holder.invokeStaticInit(java.lang.Object, java.lang.Object, int, int, int, int)'> (0x000000008932d588) 
thrown [s\open\src\hotspot\share\interpreter\linkResolver.cpp, line 773]

ZGC Phase Switch (0 events):
No events

VM Operations (20 events):
Event: 60.155 Executing VM operation: RendezvousGCThreads
Event: 60.155 Executing VM operation: RendezvousGCThreads done
Event: 218.397 Executing VM operation: Cleanup
Event: 218.397 Executing VM operation: Cleanup done
Event: 645.085 Executing VM operation: Cleanup
Event: 645.085 Executing VM operation: Cleanup done
Event: 900.460 Executing VM operation: Cleanup
Event: 900.460 Executing VM operation: Cleanup done
Event: 1070.349 Executing VM operation: Cleanup
Event: 1070.349 Executing VM operation: Cleanup done
Event: 1200.618 Executing VM operation: Cleanup
Event: 1200.618 Executing VM operation: Cleanup done
Event: 1255.999 Executing VM operation: Cleanup
Event: 1255.999 Executing VM operation: Cleanup done
Event: 29887.364 Executing VM operation: Cleanup
Event: 29887.368 Executing VM operation: Cleanup done
Event: 96743.267 Executing VM operation: Cleanup
Event: 96743.275 Executing VM operation: Cleanup done
Event: 115568.244 Executing VM operation: Cleanup
Event: 115568.246 Executing VM operation: Cleanup done

Events (20 events):
Event: 0.058 Thread 0x000002221cd3c850 Thread added: 0x000002221cd3c850
Event: 0.058 Thread 0x000002221cd45ee0 Thread added: 0x000002221cd45ee0
Event: 0.058 Thread 0x000002221cd4da60 Thread added: 0x000002221cd4da60
Event: 0.058 Thread 0x000002221cd4e810 Thread added: 0x000002221cd4e810
Event: 0.058 Thread 0x00000222620047c0 Thread added: 0x00000222620047c0
Event: 0.085 Thread 0x000002226215d870 Thread added: 0x000002226215d870
Event: 0.087 Thread 0x000002226215e4b0 Thread added: 0x000002226215e4b0
Event: 0.398 Thread 0x0000022262337ac0 Thread added: 0x0000022262337ac0
Event: 0.403 Thread 0x000002226234f2b0 Thread added: 0x000002226234f2b0
Event: 0.408 Thread 0x0000022262353230 Thread added: 0x0000022262353230
Event: 0.714 Thread 0x00000222623b5300 Thread added: 0x00000222623b5300
Event: 0.970 Thread 0x000002227fbc5920 Thread exited: 0x000002227fbc5920
Event: 0.970 Thread 0x000002227fbc5920 Thread added: 0x000002227fbc5920
Event: 1.313 Thread 0x00000222620040f0 Thread added: 0x00000222620040f0
Event: 2.103 Thread 0x00000222620040f0 Thread exited: 0x00000222620040f0
Event: 23.019 Thread 0x00000222631f5ba0 Thread added: 0x00000222631f5ba0
Event: 23.109 Thread 0x00000222620070a0 Thread added: 0x00000222620070a0
Event: 23.722 Thread 0x0000022262005c30 Thread added: 0x0000022262005c30
Event: 24.912 Thread 0x0000022262005c30 Thread exited: 0x0000022262005c30
Event: 24.912 Thread 0x00000222620070a0 Thread exited: 0x00000222620070a0


Dynamic libraries:
0x00007ff6a3050000 - 0x00007ff6a3060000 	C:\Program Files\Java\jdk-21\bin\javaw.exe
0x00007ff98fde0000 - 0x00007ff990047000 	C:\WINDOWS\SYSTEM32\ntdll.dll
0x00007ff95ca00000 - 0x00007ff95ca21000 	C:\Program Files\AVG\Antivirus\aswhook.dll
0x00007ff98f500000 - 0x00007ff98f5c9000 	C:\WINDOWS\System32\KERNEL32.DLL
0x00007ff98d080000 - 0x00007ff98d477000 	C:\WINDOWS\System32\KERNELBASE.dll
0x00007ff98d890000 - 0x00007ff98d9db000 	C:\WINDOWS\System32\ucrtbase.dll
0x00007ff984210000 - 0x00007ff984229000 	C:\Program Files\Java\jdk-21\bin\jli.dll
0x00007ff98f7a0000 - 0x00007ff98f856000 	C:\WINDOWS\System32\ADVAPI32.dll
0x00007ff98f9f0000 - 0x00007ff98fa99000 	C:\WINDOWS\System32\msvcrt.dll
0x00007ff9841f0000 - 0x00007ff98420b000 	C:\Program Files\Java\jdk-21\bin\VCRUNTIME140.dll
0x00007ff98dcf0000 - 0x00007ff98dd97000 	C:\WINDOWS\System32\sechost.dll
0x00007ff98f670000 - 0x00007ff98f788000 	C:\WINDOWS\System32\RPCRT4.dll
0x00007ff98e3d0000 - 0x00007ff98e596000 	C:\WINDOWS\System32\USER32.dll
0x00007ff978390000 - 0x00007ff978622000 	C:\WINDOWS\WinSxS\amd64_microsoft.windows.common-controls_6595b64144ccf1df_6.0.26100.8457_none_3e0b2faee331e92d\COMCTL32.dll
0x00007ff98d700000 - 0x00007ff98d727000 	C:\WINDOWS\System32\win32u.dll
0x00007ff98f640000 - 0x00007ff98f66b000 	C:\WINDOWS\System32\GDI32.dll
0x00007ff98d5d0000 - 0x00007ff98d6fc000 	C:\WINDOWS\System32\gdi32full.dll
0x00007ff98d7e0000 - 0x00007ff98d883000 	C:\WINDOWS\System32\msvcp_win.dll
0x00007ff980150000 - 0x00007ff98015b000 	C:\WINDOWS\SYSTEM32\VERSION.dll
0x00007ff98df00000 - 0x00007ff98df32000 	C:\WINDOWS\System32\IMM32.DLL
0x00007ff9841e0000 - 0x00007ff9841ec000 	C:\Program Files\Java\jdk-21\bin\vcruntime140_1.dll
0x00007ff984150000 - 0x00007ff9841de000 	C:\Program Files\Java\jdk-21\bin\msvcp140.dll
0x00007ff92b450000 - 0x00007ff92c167000 	C:\Program Files\Java\jdk-21\bin\server\jvm.dll
0x00007ff98faa0000 - 0x00007ff98fb20000 	C:\WINDOWS\System32\WS2_32.dll
0x00007ff98c670000 - 0x00007ff98c6ce000 	C:\WINDOWS\SYSTEM32\POWRPROF.dll
0x00007ff970760000 - 0x00007ff970796000 	C:\WINDOWS\SYSTEM32\WINMM.dll
0x00007ff98c650000 - 0x00007ff98c664000 	C:\WINDOWS\SYSTEM32\UMPDC.dll
0x00007ff98b570000 - 0x00007ff98b58b000 	C:\WINDOWS\SYSTEM32\kernel.appcore.dll
0x00007ff965330000 - 0x00007ff96533a000 	C:\Program Files\Java\jdk-21\bin\jimage.dll
0x00007ff98a2d0000 - 0x00007ff98a512000 	C:\WINDOWS\SYSTEM32\DBGHELP.DLL
0x00007ff98ef70000 - 0x00007ff98f2f3000 	C:\WINDOWS\System32\combase.dll
0x00007ff98f390000 - 0x00007ff98f469000 	C:\WINDOWS\System32\OLEAUT32.dll
0x00007ff97dab0000 - 0x00007ff97daeb000 	C:\WINDOWS\SYSTEM32\dbgcore.DLL
0x00007ff98d730000 - 0x00007ff98d7d8000 	C:\WINDOWS\System32\bcryptPrimitives.dll
0x00007ff963870000 - 0x00007ff96388f000 	C:\Program Files\Java\jdk-21\bin\java.dll
0x00007ff98e7a0000 - 0x00007ff98ef0e000 	C:\WINDOWS\System32\SHELL32.dll
0x00007ff98c810000 - 0x00007ff98d07c000 	C:\WINDOWS\System32\windows.storage.dll
0x00007ff98dbe0000 - 0x00007ff98dcd6000 	C:\WINDOWS\System32\SHCORE.dll
0x00007ff98f5d0000 - 0x00007ff98f636000 	C:\WINDOWS\System32\shlwapi.dll
0x00007ff98c730000 - 0x00007ff98c759000 	C:\WINDOWS\SYSTEM32\profapi.dll
0x00007ff963790000 - 0x00007ff963867000 	C:\Program Files\Java\jdk-21\bin\jsvml.dll
0x00007ff965320000 - 0x00007ff965330000 	C:\Program Files\Java\jdk-21\bin\net.dll
0x00007ff9801c0000 - 0x00007ff9802e9000 	C:\WINDOWS\SYSTEM32\WINHTTP.dll
0x00007ff98bae0000 - 0x00007ff98bb4c000 	C:\WINDOWS\system32\mswsock.dll
0x00007ff963770000 - 0x00007ff963786000 	C:\Program Files\Java\jdk-21\bin\nio.dll
0x00007ff963750000 - 0x00007ff963768000 	C:\Program Files\Java\jdk-21\bin\zip.dll
0x00007ff9756b0000 - 0x00007ff97583f000 	C:\Program Files\Java\jdk-21\bin\awt.dll
0x00007ff989cb0000 - 0x00007ff989d50000 	C:\WINDOWS\SYSTEM32\apphelp.dll
0x00007ff98a160000 - 0x00007ff98a18f000 	C:\WINDOWS\system32\DWMAPI.DLL
0x00007ff989e90000 - 0x00007ff989f3a000 	C:\WINDOWS\system32\uxtheme.dll
0x00007ff953670000 - 0x00007ff95377f000 	C:\WINDOWS\system32\opengl32.dll
0x00007ff953640000 - 0x00007ff95366d000 	C:\WINDOWS\SYSTEM32\GLU32.dll
0x00007ff98a280000 - 0x00007ff98a2c5000 	C:\WINDOWS\SYSTEM32\dxcore.dll
0x00007ff98dda0000 - 0x00007ff98defc000 	C:\WINDOWS\System32\MSCTF.dll
0x00007ff98fc00000 - 0x00007ff98fd97000 	C:\WINDOWS\System32\ole32.dll
0x00007ff915660000 - 0x00007ff9156e7000 	C:\Program Files\Java\jdk-21\bin\freetype.dll
0x00007ff8f6ed0000 - 0x00007ff8f6fb2000 	C:\Program Files\Java\jdk-21\bin\fontmanager.dll
0x00007ff979890000 - 0x00007ff9799d6000 	C:\WINDOWS\SYSTEM32\textinputframework.dll
0x00007ff96bbb0000 - 0x00007ff96bc26000 	C:\WINDOWS\system32\Oleacc.dll
0x00007ff989a20000 - 0x00007ff989b47000 	C:\WINDOWS\SYSTEM32\CoreMessaging.dll
0x00007ff985c80000 - 0x00007ff985f62000 	C:\WINDOWS\SYSTEM32\CoreUIComponents.dll
0x00007ff986970000 - 0x00007ff986ada000 	C:\WINDOWS\SYSTEM32\wintypes.dll
0x00007ff98bf80000 - 0x00007ff98bf8c000 	C:\WINDOWS\SYSTEM32\CRYPTBASE.DLL
0x00007ff98b070000 - 0x00007ff98b1a2000 	C:\WINDOWS\SYSTEM32\DNSAPI.dll
0x00007ff98af80000 - 0x00007ff98afb2000 	C:\WINDOWS\SYSTEM32\IPHLPAPI.DLL
0x00007ff98f9e0000 - 0x00007ff98f9ea000 	C:\WINDOWS\System32\NSI.dll
0x00007ff979170000 - 0x00007ff97917b000 	C:\Windows\System32\rasadhlp.dll
0x00007ff97ecc0000 - 0x00007ff97ed46000 	C:\WINDOWS\System32\fwpuclnt.dll
0x00007ff92a2c0000 - 0x00007ff92a2c9000 	C:\Program Files\Java\jdk-21\bin\extnet.dll
0x00007ff98bdc0000 - 0x00007ff98bddb000 	C:\WINDOWS\SYSTEM32\CRYPTSP.dll
0x00007ff98b4d0000 - 0x00007ff98b509000 	C:\WINDOWS\system32\rsaenh.dll
0x00007ff98bb90000 - 0x00007ff98bbc3000 	C:\WINDOWS\SYSTEM32\USERENV.dll
0x00007ff98c700000 - 0x00007ff98c72a000 	C:\WINDOWS\SYSTEM32\bcrypt.dll
0x00007ff987ae0000 - 0x00007ff987aee000 	C:\Program Files\Java\jdk-21\bin\sunmscapi.dll
0x00007ff98d9e0000 - 0x00007ff98db58000 	C:\WINDOWS\System32\CRYPT32.dll
0x00007ff98c010000 - 0x00007ff98c040000 	C:\WINDOWS\SYSTEM32\ncrypt.dll
0x00007ff98bfc0000 - 0x00007ff98bfff000 	C:\WINDOWS\SYSTEM32\NTASN1.dll

dbghelp: loaded successfully - version: 4.0.5 - missing functions: none
symbol engine: initialized successfully - sym options: 0x614 - pdb path: .;C:\Program Files\Java\jdk-21\bin;C:\WINDOWS\SYSTEM32;C:\Program Files\AVG\Antivirus;C:\WINDOWS\WinSxS\amd64_microsoft.windows.common-controls_6595b64144ccf1df_6.0.26100.8457_none_3e0b2faee331e92d;C:\Program Files\Java\jdk-21\bin\server

VM Arguments:
jvm_args: -Dfile.encoding=UTF-8 -Dstdout.encoding=UTF-8 -Dstderr.encoding=UTF-8 -XX:+ShowCodeDetailsInExceptionMessages 
java_command: bank_management.signupthree
java_class_path (initial): C:\Users\Ritika\eclipse-workspace\Bank_management\bin;C:\Users\Ritika\Desktop\jarfile\mysql-connector-java-8.0.28 (1).jar;C:\Users\Ritika\Desktop\jarfile\jcalendar-tz-1.3.3-4 (1).jar
Launcher Type: SUN_STANDARD

[Global flags]
     intx CICompilerCount                          = 4                                         {product} {ergonomic}
     uint ConcGCThreads                            = 2                                         {product} {ergonomic}
     uint G1ConcRefinementThreads                  = 8                                         {product} {ergonomic}
   size_t G1HeapRegionSize                         = 1048576                                   {product} {ergonomic}
    uintx GCDrainStackTargetSize                   = 64                                        {product} {ergonomic}
   size_t InitialHeapSize                          = 134217728                                 {product} {ergonomic}
   size_t MarkStackSize                            = 4194304                                   {product} {ergonomic}
   size_t MaxHeapSize                              = 2122317824                                {product} {ergonomic}
   size_t MaxNewSize                               = 1272971264                                {product} {ergonomic}
   size_t MinHeapDeltaBytes                        = 1048576                                   {product} {ergonomic}
   size_t MinHeapSize                              = 8388608                                   {product} {ergonomic}
    uintx NonNMethodCodeHeapSize                   = 5839372                                {pd product} {ergonomic}
    uintx NonProfiledCodeHeapSize                  = 122909434                              {pd product} {ergonomic}
    uintx ProfiledCodeHeapSize                     = 122909434                              {pd product} {ergonomic}
    uintx ReservedCodeCacheSize                    = 251658240                              {pd product} {ergonomic}
     bool SegmentedCodeCache                       = true                                      {product} {ergonomic}
     bool ShowCodeDetailsInExceptionMessages       = true                                   {manageable} {command line}
   size_t SoftMaxHeapSize                          = 2122317824                             {manageable} {ergonomic}
     bool UseCompressedOops                        = true                           {product lp64_product} {ergonomic}
     bool UseG1GC                                  = true                                      {product} {ergonomic}
     bool UseLargePagesIndividualAllocation        = false                                  {pd product} {ergonomic}

Logging:
Log output configuration:
 #0: stdout all=warning uptime,level,tags foldmultilines=false
 #1: stderr all=off uptime,level,tags foldmultilines=false

Environment Variables:
PATH=C:/Program Files/Java/jdk-21/bin/server;C:/Program Files/Java/jdk-21/bin;C:\Program Files\Common Files\Oracle\Java\javapath;C:\Program Files (x86)\Common Files\Oracle\Java\java8path;C:\Program Files (x86)\Common Files\Oracle\Java\javapath;C:\Python311\Scripts\;C:\Python311\;C:\ProgramData\Oracle\Java\javapath;C:\WINDOWS\system32;C:\WINDOWS;C:\WINDOWS\System32\Wbem;C:\WINDOWS\System32\WindowsPowerShell\v1.0\;C:\WINDOWS\System32\OpenSSH\;C:\ProgramData\chocolatey\bin;C:\Program Files\nodejs;C:\MinGW\bin;C:\Program Files\MySQL\MySQL Server 8.0\bin;C:\Program Files\nodejs\;C:\Program Files\MySQL\MySQL Server 9.7\bin;C:\Program Files\MySQL\MySQL Shell 8.0\bin\;C:\Users\Ritika\AppData\Local\Microsoft\WindowsApps;C:\Users\Ritika\AppData\Local\Programs\Microsoft VS Code\bin;C:\Program Files\nodejs;C:\Users\Ritika\Downloads\B2CoreJavaAdv\B2CoreJavaAdv\src;C:\Users\Ritika\AppData\Local\GitHubDesktop\bin;C:\Users\Ritika\AppData\Roaming\npm;C:\Program Files\Java\jdk-24\bin;;C:\Users\Ritika\Desktop;
USERNAME=Ritika
OS=Windows_NT
PROCESSOR_IDENTIFIER=Intel64 Family 6 Model 142 Stepping 10, GenuineIntel
TMP=C:\Users\Ritika\AppData\Local\Temp
TEMP=C:\Users\Ritika\AppData\Local\Temp




Periodic native trim disabled

---------------  S Y S T E M  ---------------

OS:
 Windows 11 , 64 bit Build 26100 (10.0.26100.8328)
OS uptime: 3 days 20:23 hours

CPU: total 8 (initial active 8) (4 cores per cpu, 2 threads per core) family 6 model 142 stepping 10 microcode 0xf6, cx8, cmov, fxsr, ht, mmx, 3dnowpref, sse, sse2, sse3, ssse3, sse4.1, sse4.2, popcnt, lzcnt, tsc, tscinvbit, avx, avx2, aes, erms, clmul, bmi1, bmi2, adx, fma, vzeroupper, clflush, clflushopt, rdtscp, f16c
Processor Information for all 8 processors :
  Max Mhz: 1801, Current Mhz: 1801, Mhz Limit: 1801

Memory: 4k page, system-wide physical 8094M (417M free)
TotalPageFile size 32670M (AvailPageFile size 214M)
current process WorkingSet (physical memory assigned to process): 11M, peak: 135M
current process commit charge ("private bytes"): 243M, peak: 264M

vm_info: Java HotSpot(TM) 64-Bit Server VM (21.0.2+13-LTS-58) for windows-amd64 JRE (21.0.2+13-LTS-58), built on 2024-01-05T18:32:24Z by "mach5one" with MS VC++ 17.1 (VS2022)

END.
